{"timestamp":"2026-02-18T20:14:35.601737Z","level":"info","event":"NumExpr defaulting to 8 threads.","logger":"numexpr.utils","filename":"utils.py","lineno":160}
{"timestamp":"2026-02-18T20:14:35.742603Z","level":"info","event":"DAG bundles loaded: dags-folder, example_dags","logger":"airflow.dag_processing.bundles.manager.DagBundlesManager","filename":"manager.py","lineno":179}
{"timestamp":"2026-02-18T20:14:35.743458Z","level":"info","event":"Filling up the DagBag from /Users/aditireddy/Desktop/personal-finance-pipeline/personal-finance-pipeline/airflow/dags/personal_finance_etl_dag.py","logger":"airflow.models.dagbag.BundleDagBag","filename":"dagbag.py","lineno":593}
{"timestamp":"2026-02-18T20:14:35.996209Z","level":"info","event":"Task instance is in running state","logger":"task.stdout"}
{"timestamp":"2026-02-18T20:14:35.996289Z","level":"info","event":" Previous state of the Task instance: TaskInstanceState.QUEUED","logger":"task.stdout"}
{"timestamp":"2026-02-18T20:14:35.996770Z","level":"info","event":"Current task name:print_summary","logger":"task.stdout"}
{"timestamp":"2026-02-18T20:14:35.996792Z","level":"info","event":"Dag name:personal_finance_etl","logger":"task.stdout"}
{"timestamp":"2026-02-18T20:14:35.997445Z","level":"info","event":"","logger":"task.stdout"}
{"timestamp":"2026-02-18T20:14:35.997466Z","level":"info","event":"============================================================","logger":"task.stdout"}
{"timestamp":"2026-02-18T20:14:35.997483Z","level":"info","event":"📊 PIPELINE EXECUTION SUMMARY","logger":"task.stdout"}
{"timestamp":"2026-02-18T20:14:35.997501Z","level":"info","event":"============================================================","logger":"task.stdout"}
{"timestamp":"2026-02-18T20:14:36.012111Z","level":"info","event":"📥 Downloaded Rows: 1000","logger":"task.stdout"}
{"timestamp":"2026-02-18T20:14:36.012183Z","level":"info","event":"✅ Validation: PASSED","logger":"task.stdout"}
{"timestamp":"2026-02-18T20:14:36.012205Z","level":"info","event":"   - Null values: 0","logger":"task.stdout"}
{"timestamp":"2026-02-18T20:14:36.012223Z","level":"info","event":"   - Duplicates: 0","logger":"task.stdout"}
{"timestamp":"2026-02-18T20:14:36.012239Z","level":"info","event":"🔄 Transformed: 1000 rows","logger":"task.stdout"}
{"timestamp":"2026-02-18T20:14:36.012255Z","level":"info","event":"📤 Loaded to PostgreSQL: 1000 rows","logger":"task.stdout"}
{"timestamp":"2026-02-18T20:14:36.012296Z","level":"info","event":"⏱️  Pipeline Run: scheduled__2026-02-18T02:00:00+00:00","logger":"task.stdout"}
{"timestamp":"2026-02-18T20:14:36.012315Z","level":"info","event":"📅 Run Date: 2026-02-18 20:14:27.177530+00:00","logger":"task.stdout"}
{"timestamp":"2026-02-18T20:14:36.012331Z","level":"info","event":"============================================================","logger":"task.stdout"}
{"timestamp":"2026-02-18T20:14:36.012346Z","level":"info","event":"✅ ETL PIPELINE COMPLETED SUCCESSFULLY! 🎉","logger":"task.stdout"}
{"timestamp":"2026-02-18T20:14:36.012360Z","level":"info","event":"============================================================","logger":"task.stdout"}
{"timestamp":"2026-02-18T20:14:36.012375Z","level":"info","event":"","logger":"task.stdout"}
{"timestamp":"2026-02-18T20:14:36.012313Z","level":"info","event":"Done. Returned value was: None","logger":"airflow.task.operators.airflow.providers.standard.operators.python.PythonOperator","filename":"python.py","lineno":230}
{"timestamp":"2026-02-18T20:14:36.016952Z","level":"info","event":"Task instance in success state","logger":"task.stdout"}
{"timestamp":"2026-02-18T20:14:36.017011Z","level":"info","event":" Previous state of the Task instance: TaskInstanceState.RUNNING","logger":"task.stdout"}
{"timestamp":"2026-02-18T20:14:36.017290Z","level":"info","event":"Task operator:<Task(PythonOperator): print_summary>","logger":"task.stdout"}
