{"timestamp":"2026-02-22T01:50:28.972773Z","level":"info","event":"NumExpr defaulting to 8 threads.","logger":"numexpr.utils","filename":"utils.py","lineno":160}
{"timestamp":"2026-02-22T01:50:29.100510Z","level":"info","event":"DAG bundles loaded: dags-folder, example_dags","logger":"airflow.dag_processing.bundles.manager.DagBundlesManager","filename":"manager.py","lineno":179}
{"timestamp":"2026-02-22T01:50:29.100855Z","level":"info","event":"Filling up the DagBag from /Users/aditireddy/Desktop/personal-finance-pipeline/personal-finance-pipeline/airflow/dags/personal_finance_etl_dag.py","logger":"airflow.models.dagbag.BundleDagBag","filename":"dagbag.py","lineno":593}
{"timestamp":"2026-02-22T01:50:29.240982Z","level":"warning","event":"The SLA feature is removed in Airflow 3.0, replaced with Deadline Alerts in >=3.1","category":"UserWarning","filename":"/opt/anaconda3/lib/python3.12/site-packages/airflow/providers/standard/operators/python.py","lineno":191,"logger":"py.warnings"}
{"timestamp":"2026-02-22T01:50:29.266562Z","level":"info","event":"Task instance is in running state","logger":"task.stdout"}
{"timestamp":"2026-02-22T01:50:29.266706Z","level":"info","event":" Previous state of the Task instance: TaskInstanceState.QUEUED","logger":"task.stdout"}
{"timestamp":"2026-02-22T01:50:29.266919Z","level":"info","event":"Current task name:load_to_postgres","logger":"task.stdout"}
{"timestamp":"2026-02-22T01:50:29.266964Z","level":"info","event":"Dag name:personal_finance_etl","logger":"task.stdout"}
{"timestamp":"2026-02-22T01:50:29.267713Z","level":"info","event":"📤 Starting PostgreSQL load...","logger":"task.stdout"}
{"timestamp":"2026-02-22T01:50:29.270086Z","level":"info","event":"📊 Loading 1000 rows to PostgreSQL","logger":"task.stdout"}
{"timestamp":"2026-02-22T01:50:29.472517Z","level":"info","event":"🗄️  Creating staging table...","logger":"task.stdout"}
{"timestamp":"2026-02-22T01:50:29.489667Z","level":"info","event":"✅ Staging table created","logger":"task.stdout"}
{"timestamp":"2026-02-22T01:50:29.489714Z","level":"info","event":"📥 Inserting data...","logger":"task.stdout"}
{"timestamp":"2026-02-22T01:50:29.506043Z","level":"info","event":"  Loaded 100/1000 rows...","logger":"task.stdout"}
{"timestamp":"2026-02-22T01:50:29.513974Z","level":"info","event":"  Loaded 200/1000 rows...","logger":"task.stdout"}
{"timestamp":"2026-02-22T01:50:29.522345Z","level":"info","event":"  Loaded 300/1000 rows...","logger":"task.stdout"}
{"timestamp":"2026-02-22T01:50:29.529341Z","level":"info","event":"  Loaded 400/1000 rows...","logger":"task.stdout"}
{"timestamp":"2026-02-22T01:50:29.534826Z","level":"info","event":"  Loaded 500/1000 rows...","logger":"task.stdout"}
{"timestamp":"2026-02-22T01:50:29.540488Z","level":"info","event":"  Loaded 600/1000 rows...","logger":"task.stdout"}
{"timestamp":"2026-02-22T01:50:29.547060Z","level":"info","event":"  Loaded 700/1000 rows...","logger":"task.stdout"}
{"timestamp":"2026-02-22T01:50:29.553192Z","level":"info","event":"  Loaded 800/1000 rows...","logger":"task.stdout"}
{"timestamp":"2026-02-22T01:50:29.558754Z","level":"info","event":"  Loaded 900/1000 rows...","logger":"task.stdout"}
{"timestamp":"2026-02-22T01:50:29.564251Z","level":"info","event":"  Loaded 1000/1000 rows...","logger":"task.stdout"}
{"timestamp":"2026-02-22T01:50:29.569422Z","level":"info","event":"✅ Successfully loaded 1000 rows to staging_transactions","logger":"task.stdout"}
{"timestamp":"2026-02-22T01:50:29.573991Z","level":"info","event":"Done. Returned value was: 1000","logger":"airflow.task.operators.airflow.providers.standard.operators.python.PythonOperator","filename":"python.py","lineno":230}
{"timestamp":"2026-02-22T01:50:29.574090Z","level":"info","event":"Pushing xcom","ti":"RuntimeTaskInstance(id=UUID('019c830a-6540-71b1-b61d-3b658b801177'), task_id='load_to_postgres', dag_id='personal_finance_etl', run_id='manual__2026-02-22T01:50:22.508633+00:00', try_number=1, dag_version_id=UUID('019c82eb-5030-7d5b-96b5-52f3d0f6e793'), map_index=-1, hostname='138-229-50-88-static.cmsinter.net', context_carrier={}, task=<Task(PythonOperator): load_to_postgres>, bundle_instance=LocalDagBundle(name=dags-folder), max_tries=3, start_date=datetime.datetime(2026, 2, 22, 1, 50, 28, 638893, tzinfo=datetime.timezone.utc), end_date=None, state=<TaskInstanceState.RUNNING: 'running'>, is_mapped=False, rendered_map_index=None)","logger":"task","filename":"task_runner.py","lineno":1522}
{"timestamp":"2026-02-22T01:50:29.582406Z","level":"info","event":"✅ Task load_to_postgres completed successfully!","logger":"task.stdout"}
{"timestamp":"2026-02-22T01:50:29.582470Z","level":"error","event":"Failed to run task callback","kind":"on_success_callback","index":0,"callback":"<function task_success_callback at 0x157d7b1a0>","logger":"task","filename":"task_runner.py","lineno":1334,"error_detail":[{"exc_type":"KeyError","exc_value":"'execution_date'","exc_notes":[],"syntax_error":null,"is_cause":false,"frames":[{"filename":"/opt/anaconda3/lib/python3.12/site-packages/airflow/sdk/execution_time/task_runner.py","lineno":1332,"name":"_run_task_state_change_callbacks"},{"filename":"/opt/anaconda3/lib/python3.12/site-packages/airflow/sdk/execution_time/callback_runner.py","lineno":82,"name":"run"},{"filename":"/Users/aditireddy/Desktop/personal-finance-pipeline/personal-finance-pipeline/airflow/dags/personal_finance_etl_dag.py","lineno":95,"name":"task_success_callback"}],"is_group":false,"exceptions":[]}]}
{"timestamp":"2026-02-22T01:50:29.582665Z","level":"info","event":"Task instance in success state","logger":"task.stdout"}
{"timestamp":"2026-02-22T01:50:29.582686Z","level":"info","event":" Previous state of the Task instance: TaskInstanceState.RUNNING","logger":"task.stdout"}
{"timestamp":"2026-02-22T01:50:29.583109Z","level":"info","event":"Task operator:<Task(PythonOperator): load_to_postgres>","logger":"task.stdout"}
