{"timestamp":"2026-02-18T19:37:11.773503Z","level":"info","event":"NumExpr defaulting to 8 threads.","logger":"numexpr.utils","filename":"utils.py","lineno":160}
{"timestamp":"2026-02-18T19:37:11.893678Z","level":"info","event":"DAG bundles loaded: dags-folder, example_dags","logger":"airflow.dag_processing.bundles.manager.DagBundlesManager","filename":"manager.py","lineno":179}
{"timestamp":"2026-02-18T19:37:11.893958Z","level":"info","event":"Filling up the DagBag from /Users/aditireddy/Desktop/personal-finance-pipeline/personal-finance-pipeline/airflow/dags/personal_finance_etl_dag.py","logger":"airflow.models.dagbag.BundleDagBag","filename":"dagbag.py","lineno":593}
{"timestamp":"2026-02-18T19:37:12.040432Z","level":"info","event":"Task instance is in running state","logger":"task.stdout"}
{"timestamp":"2026-02-18T19:37:12.040500Z","level":"info","event":" Previous state of the Task instance: TaskInstanceState.QUEUED","logger":"task.stdout"}
{"timestamp":"2026-02-18T19:37:12.040796Z","level":"info","event":"Current task name:transform_data","logger":"task.stdout"}
{"timestamp":"2026-02-18T19:37:12.040818Z","level":"info","event":"Dag name:personal_finance_etl","logger":"task.stdout"}
{"timestamp":"2026-02-18T19:37:12.041460Z","level":"info","event":"🔄 Starting data transformation...","logger":"task.stdout"}
{"timestamp":"2026-02-18T19:37:12.043226Z","level":"info","event":"📊 Loaded 1000 rows for transformation","logger":"task.stdout"}
{"timestamp":"2026-02-18T19:37:12.049573Z","level":"info","event":"✅ Transformations applied:","logger":"task.stdout"}
{"timestamp":"2026-02-18T19:37:12.049930Z","level":"info","event":"  - transaction_date (parsed)","logger":"task.stdout"}
{"timestamp":"2026-02-18T19:37:12.049954Z","level":"info","event":"  - year, month, day_of_week","logger":"task.stdout"}
{"timestamp":"2026-02-18T19:37:12.049973Z","level":"info","event":"  - week_of_year","logger":"task.stdout"}
{"timestamp":"2026-02-18T19:37:12.049990Z","level":"info","event":"  - processed_timestamp","logger":"task.stdout"}
{"timestamp":"2026-02-18T19:37:12.053647Z","level":"info","event":"💾 Transformed data saved to: /tmp/airflow_transactions_transformed.csv","logger":"task.stdout"}
{"timestamp":"2026-02-18T19:37:12.053680Z","level":"info","event":"","logger":"task.stdout"}
{"timestamp":"2026-02-18T19:37:12.053700Z","level":"info","event":"📊 Sample of transformed data:","logger":"task.stdout"}
{"timestamp":"2026-02-18T19:37:12.055214Z","level":"info","event":"  transaction_id        date   time     merchant        category  amount  payment_method   status transaction_date  year  month  day_of_week  week_of_year        processed_timestamp","logger":"task.stdout"}
{"timestamp":"2026-02-18T19:37:12.055236Z","level":"info","event":"0      TXN000018  2023-01-01  04:20      Netflix   Entertainment   97.80            Cash   Posted       2023-01-01  2023      1            6            52 2026-02-18 14:37:12.049101","logger":"task.stdout"}
{"timestamp":"2026-02-18T19:37:12.055256Z","level":"info","event":"1      TXN000003  2023-01-02  19:31         Lyft  Transportation   39.26            Cash  Pending       2023-01-02  2023      1            0             1 2026-02-18 14:37:12.049101","logger":"task.stdout"}
{"timestamp":"2026-02-18T19:37:12.055272Z","level":"info","event":"2      TXN000227  2023-01-03  18:19  Trader Joes       Groceries  125.91  Digital Wallet   Posted       2023-01-03  2023      1            1             1 2026-02-18 14:37:12.049101","logger":"task.stdout"}
{"timestamp":"2026-02-18T19:37:12.067246Z","level":"info","event":"Done. Returned value was: /tmp/airflow_transactions_transformed.csv","logger":"airflow.task.operators.airflow.providers.standard.operators.python.PythonOperator","filename":"python.py","lineno":230}
{"timestamp":"2026-02-18T19:37:12.067346Z","level":"info","event":"Pushing xcom","ti":"RuntimeTaskInstance(id=UUID('019c7241-9965-78e6-9393-70b8f82bb40c'), task_id='transform_data', dag_id='personal_finance_etl', run_id='manual__2026-02-18T19:37:07.646228+00:00', try_number=1, dag_version_id=UUID('019c722c-77ef-7705-a4ed-70e9d301d09d'), map_index=-1, hostname='138-229-58-45-static.cmsinter.net', context_carrier={}, task=<Task(PythonOperator): transform_data>, bundle_instance=LocalDagBundle(name=dags-folder), max_tries=2, start_date=datetime.datetime(2026, 2, 18, 19, 37, 11, 492816, tzinfo=datetime.timezone.utc), end_date=None, state=<TaskInstanceState.RUNNING: 'running'>, is_mapped=False, rendered_map_index=None)","logger":"task","filename":"task_runner.py","lineno":1522}
{"timestamp":"2026-02-18T19:37:12.074836Z","level":"info","event":"Task instance in success state","logger":"task.stdout"}
{"timestamp":"2026-02-18T19:37:12.074887Z","level":"info","event":" Previous state of the Task instance: TaskInstanceState.RUNNING","logger":"task.stdout"}
{"timestamp":"2026-02-18T19:37:12.075176Z","level":"info","event":"Task operator:<Task(PythonOperator): transform_data>","logger":"task.stdout"}
