{"timestamp":"2026-02-22T02:00:13.050677Z","level":"info","event":"NumExpr defaulting to 8 threads.","logger":"numexpr.utils","filename":"utils.py","lineno":160}
{"timestamp":"2026-02-22T02:00:13.257707Z","level":"info","event":"DAG bundles loaded: dags-folder, example_dags","logger":"airflow.dag_processing.bundles.manager.DagBundlesManager","filename":"manager.py","lineno":179}
{"timestamp":"2026-02-22T02:00:13.258520Z","level":"info","event":"Filling up the DagBag from /Users/aditireddy/Desktop/personal-finance-pipeline/personal-finance-pipeline/airflow/dags/personal_finance_etl_dag.py","logger":"airflow.models.dagbag.BundleDagBag","filename":"dagbag.py","lineno":593}
{"timestamp":"2026-02-22T02:00:13.500812Z","level":"warning","event":"The SLA feature is removed in Airflow 3.0, replaced with Deadline Alerts in >=3.1","category":"UserWarning","filename":"/opt/anaconda3/lib/python3.12/site-packages/airflow/providers/standard/operators/python.py","lineno":191,"logger":"py.warnings"}
{"timestamp":"2026-02-22T02:00:13.515168Z","level":"info","event":"Task instance is in running state","logger":"task.stdout"}
{"timestamp":"2026-02-22T02:00:13.515266Z","level":"info","event":" Previous state of the Task instance: TaskInstanceState.QUEUED","logger":"task.stdout"}
{"timestamp":"2026-02-22T02:00:13.515565Z","level":"info","event":"Current task name:load_to_postgres","logger":"task.stdout"}
{"timestamp":"2026-02-22T02:00:13.515588Z","level":"info","event":"Dag name:personal_finance_etl","logger":"task.stdout"}
{"timestamp":"2026-02-22T02:00:13.516303Z","level":"info","event":"📤 Starting PostgreSQL load (OPTIMIZED)...","logger":"task.stdout"}
{"timestamp":"2026-02-22T02:00:13.522347Z","level":"info","event":"📊 Loading 1000 rows to PostgreSQL","logger":"task.stdout"}
{"timestamp":"2026-02-22T02:00:13.580928Z","level":"info","event":"🗄️  Creating staging table...","logger":"task.stdout"}
{"timestamp":"2026-02-22T02:00:13.590975Z","level":"info","event":"✅ Staging table created","logger":"task.stdout"}
{"timestamp":"2026-02-22T02:00:13.591263Z","level":"info","event":"📥 Inserting data using BATCH INSERT (optimized)...","logger":"task.stdout"}
{"timestamp":"2026-02-22T02:00:13.626579Z","level":"info","event":"✅ Successfully loaded 1000 rows to staging_transactions","logger":"task.stdout"}
{"timestamp":"2026-02-22T02:00:13.626703Z","level":"info","event":"⚡ Insert duration: 0.03 seconds","logger":"task.stdout"}
{"timestamp":"2026-02-22T02:00:13.626741Z","level":"info","event":"⚡ Total load duration: 0.11 seconds","logger":"task.stdout"}
{"timestamp":"2026-02-22T02:00:13.626761Z","level":"info","event":"📊 Throughput: 9077 rows/second","logger":"task.stdout"}
{"timestamp":"2026-02-22T02:00:13.669743Z","level":"info","event":"Done. Returned value was: 1000","logger":"airflow.task.operators.airflow.providers.standard.operators.python.PythonOperator","filename":"python.py","lineno":230}
{"timestamp":"2026-02-22T02:00:13.672270Z","level":"info","event":"Pushing xcom","ti":"RuntimeTaskInstance(id=UUID('019c8313-3bb7-7aad-8d78-b302ac63cb0e'), task_id='load_to_postgres', dag_id='personal_finance_etl', run_id='scheduled__2026-02-22T02:00:00+00:00', try_number=1, dag_version_id=UUID('019c830f-56ab-783c-b56c-81fdb5f82914'), map_index=-1, hostname='138-229-50-88-static.cmsinter.net', context_carrier={}, task=<Task(PythonOperator): load_to_postgres>, bundle_instance=LocalDagBundle(name=dags-folder), max_tries=3, start_date=datetime.datetime(2026, 2, 22, 2, 0, 12, 443055, tzinfo=datetime.timezone.utc), end_date=None, state=<TaskInstanceState.RUNNING: 'running'>, is_mapped=False, rendered_map_index=None)","logger":"task","filename":"task_runner.py","lineno":1522}
{"timestamp":"2026-02-22T02:00:13.686037Z","level":"info","event":"✅ Task load_to_postgres completed successfully!","logger":"task.stdout"}
{"timestamp":"2026-02-22T02:00:13.686100Z","level":"error","event":"Failed to run task callback","kind":"on_success_callback","index":0,"callback":"<function task_success_callback at 0x16870fb00>","logger":"task","filename":"task_runner.py","lineno":1334,"error_detail":[{"exc_type":"KeyError","exc_value":"'execution_date'","exc_notes":[],"syntax_error":null,"is_cause":false,"frames":[{"filename":"/opt/anaconda3/lib/python3.12/site-packages/airflow/sdk/execution_time/task_runner.py","lineno":1332,"name":"_run_task_state_change_callbacks"},{"filename":"/opt/anaconda3/lib/python3.12/site-packages/airflow/sdk/execution_time/callback_runner.py","lineno":82,"name":"run"},{"filename":"/Users/aditireddy/Desktop/personal-finance-pipeline/personal-finance-pipeline/airflow/dags/personal_finance_etl_dag.py","lineno":93,"name":"task_success_callback"}],"is_group":false,"exceptions":[]}]}
{"timestamp":"2026-02-22T02:00:13.686384Z","level":"info","event":"Task instance in success state","logger":"task.stdout"}
{"timestamp":"2026-02-22T02:00:13.686408Z","level":"info","event":" Previous state of the Task instance: TaskInstanceState.RUNNING","logger":"task.stdout"}
{"timestamp":"2026-02-22T02:00:13.686895Z","level":"info","event":"Task operator:<Task(PythonOperator): load_to_postgres>","logger":"task.stdout"}
