{"timestamp":"2026-02-18T20:17:17.053430Z","level":"info","event":"NumExpr defaulting to 8 threads.","logger":"numexpr.utils","filename":"utils.py","lineno":160}
{"timestamp":"2026-02-18T20:17:17.191207Z","level":"info","event":"DAG bundles loaded: dags-folder, example_dags","logger":"airflow.dag_processing.bundles.manager.DagBundlesManager","filename":"manager.py","lineno":179}
{"timestamp":"2026-02-18T20:17:17.191521Z","level":"info","event":"Filling up the DagBag from /Users/aditireddy/Desktop/personal-finance-pipeline/personal-finance-pipeline/airflow/dags/personal_finance_etl_dag.py","logger":"airflow.models.dagbag.BundleDagBag","filename":"dagbag.py","lineno":593}
{"timestamp":"2026-02-18T20:17:17.332676Z","level":"info","event":"Task instance is in running state","logger":"task.stdout"}
{"timestamp":"2026-02-18T20:17:17.332736Z","level":"info","event":" Previous state of the Task instance: TaskInstanceState.QUEUED","logger":"task.stdout"}
{"timestamp":"2026-02-18T20:17:17.333015Z","level":"info","event":"Current task name:print_summary","logger":"task.stdout"}
{"timestamp":"2026-02-18T20:17:17.333035Z","level":"info","event":"Dag name:personal_finance_etl","logger":"task.stdout"}
{"timestamp":"2026-02-18T20:17:17.333580Z","level":"info","event":"","logger":"task.stdout"}
{"timestamp":"2026-02-18T20:17:17.333598Z","level":"info","event":"============================================================","logger":"task.stdout"}
{"timestamp":"2026-02-18T20:17:17.333613Z","level":"info","event":"📊 PIPELINE EXECUTION SUMMARY","logger":"task.stdout"}
{"timestamp":"2026-02-18T20:17:17.333627Z","level":"info","event":"============================================================","logger":"task.stdout"}
{"timestamp":"2026-02-18T20:17:17.344346Z","level":"info","event":"📥 Downloaded Rows: 1000","logger":"task.stdout"}
{"timestamp":"2026-02-18T20:17:17.344395Z","level":"info","event":"✅ Validation: PASSED","logger":"task.stdout"}
{"timestamp":"2026-02-18T20:17:17.344419Z","level":"info","event":"   - Null values: 0","logger":"task.stdout"}
{"timestamp":"2026-02-18T20:17:17.344438Z","level":"info","event":"   - Duplicates: 0","logger":"task.stdout"}
{"timestamp":"2026-02-18T20:17:17.344456Z","level":"info","event":"🔄 Transformed: 1000 rows","logger":"task.stdout"}
{"timestamp":"2026-02-18T20:17:17.344472Z","level":"info","event":"📤 Loaded to PostgreSQL: 1000 rows","logger":"task.stdout"}
{"timestamp":"2026-02-18T20:17:17.344488Z","level":"info","event":"⏱️  Pipeline Run: scheduled__2026-02-18T20:17:00+00:00","logger":"task.stdout"}
{"timestamp":"2026-02-18T20:17:17.344530Z","level":"info","event":"📅 Run Date: 2026-02-18 20:17:09.290746+00:00","logger":"task.stdout"}
{"timestamp":"2026-02-18T20:17:17.344547Z","level":"info","event":"============================================================","logger":"task.stdout"}
{"timestamp":"2026-02-18T20:17:17.344567Z","level":"info","event":"✅ ETL PIPELINE COMPLETED SUCCESSFULLY! 🎉","logger":"task.stdout"}
{"timestamp":"2026-02-18T20:17:17.344582Z","level":"info","event":"============================================================","logger":"task.stdout"}
{"timestamp":"2026-02-18T20:17:17.344596Z","level":"info","event":"","logger":"task.stdout"}
{"timestamp":"2026-02-18T20:17:17.344519Z","level":"info","event":"Done. Returned value was: None","logger":"airflow.task.operators.airflow.providers.standard.operators.python.PythonOperator","filename":"python.py","lineno":230}
{"timestamp":"2026-02-18T20:17:17.348664Z","level":"info","event":"Task instance in success state","logger":"task.stdout"}
{"timestamp":"2026-02-18T20:17:17.348713Z","level":"info","event":" Previous state of the Task instance: TaskInstanceState.RUNNING","logger":"task.stdout"}
{"timestamp":"2026-02-18T20:17:17.348975Z","level":"info","event":"Task operator:<Task(PythonOperator): print_summary>","logger":"task.stdout"}
