{"timestamp":"2026-02-22T01:57:02.049432Z","level":"info","event":"NumExpr defaulting to 8 threads.","logger":"numexpr.utils","filename":"utils.py","lineno":160}
{"timestamp":"2026-02-22T01:57:02.182372Z","level":"info","event":"DAG bundles loaded: dags-folder, example_dags","logger":"airflow.dag_processing.bundles.manager.DagBundlesManager","filename":"manager.py","lineno":179}
{"timestamp":"2026-02-22T01:57:02.182669Z","level":"info","event":"Filling up the DagBag from /Users/aditireddy/Desktop/personal-finance-pipeline/personal-finance-pipeline/airflow/dags/personal_finance_etl_dag.py","logger":"airflow.models.dagbag.BundleDagBag","filename":"dagbag.py","lineno":593}
{"timestamp":"2026-02-22T01:57:02.348040Z","level":"warning","event":"The SLA feature is removed in Airflow 3.0, replaced with Deadline Alerts in >=3.1","category":"UserWarning","filename":"/opt/anaconda3/lib/python3.12/site-packages/airflow/providers/standard/operators/python.py","lineno":191,"logger":"py.warnings"}
{"timestamp":"2026-02-22T01:57:02.358809Z","level":"info","event":"Task instance is in running state","logger":"task.stdout"}
{"timestamp":"2026-02-22T01:57:02.358867Z","level":"info","event":" Previous state of the Task instance: TaskInstanceState.QUEUED","logger":"task.stdout"}
{"timestamp":"2026-02-22T01:57:02.359147Z","level":"info","event":"Current task name:print_summary","logger":"task.stdout"}
{"timestamp":"2026-02-22T01:57:02.359168Z","level":"info","event":"Dag name:personal_finance_etl","logger":"task.stdout"}
{"timestamp":"2026-02-22T01:57:02.359827Z","level":"info","event":"","logger":"task.stdout"}
{"timestamp":"2026-02-22T01:57:02.359847Z","level":"info","event":"============================================================","logger":"task.stdout"}
{"timestamp":"2026-02-22T01:57:02.359864Z","level":"info","event":"📊 PIPELINE EXECUTION SUMMARY","logger":"task.stdout"}
{"timestamp":"2026-02-22T01:57:02.359880Z","level":"info","event":"============================================================","logger":"task.stdout"}
{"timestamp":"2026-02-22T01:57:02.377645Z","level":"info","event":"🔄 Run Type: MANUAL","logger":"task.stdout"}
{"timestamp":"2026-02-22T01:57:02.377706Z","level":"info","event":"📥 Downloaded Rows: 1000","logger":"task.stdout"}
{"timestamp":"2026-02-22T01:57:02.377726Z","level":"info","event":"✅ Validation: PASSED","logger":"task.stdout"}
{"timestamp":"2026-02-22T01:57:02.377771Z","level":"info","event":"   - Issues: 0","logger":"task.stdout"}
{"timestamp":"2026-02-22T01:57:02.377791Z","level":"info","event":"   - Warnings: 2","logger":"task.stdout"}
{"timestamp":"2026-02-22T01:57:02.377812Z","level":"info","event":"🔄 Transformed: 1000 rows","logger":"task.stdout"}
{"timestamp":"2026-02-22T01:57:02.377828Z","level":"info","event":"📤 Loaded to PostgreSQL: 1000 rows","logger":"task.stdout"}
{"timestamp":"2026-02-22T01:57:02.377844Z","level":"info","event":"⚡ Load Duration: 0.38 seconds","logger":"task.stdout"}
{"timestamp":"2026-02-22T01:57:02.377859Z","level":"info","event":"⚡ Throughput: 2646 rows/second","logger":"task.stdout"}
{"timestamp":"2026-02-22T01:57:02.377875Z","level":"info","event":"⏱️  Pipeline Run ID: manual__2026-02-22T01:56:51.532908+00:00","logger":"task.stdout"}
{"timestamp":"2026-02-22T01:57:02.377891Z","level":"info","event":"📅 Run Date: 2026-02-22 01:56:52.521539+00:00","logger":"task.stdout"}
{"timestamp":"2026-02-22T01:57:02.377906Z","level":"info","event":"⏰ Schedule: Daily at 2:00 AM","logger":"task.stdout"}
{"timestamp":"2026-02-22T01:57:02.377921Z","level":"info","event":"============================================================","logger":"task.stdout"}
{"timestamp":"2026-02-22T01:57:02.377936Z","level":"info","event":"✅ ETL PIPELINE COMPLETED SUCCESSFULLY! 🎉","logger":"task.stdout"}
{"timestamp":"2026-02-22T01:57:02.377950Z","level":"info","event":"============================================================","logger":"task.stdout"}
{"timestamp":"2026-02-22T01:57:02.377966Z","level":"info","event":"","logger":"task.stdout"}
{"timestamp":"2026-02-22T01:57:02.377834Z","level":"info","event":"Done. Returned value was: None","logger":"airflow.task.operators.airflow.providers.standard.operators.python.PythonOperator","filename":"python.py","lineno":230}
{"timestamp":"2026-02-22T01:57:02.449888Z","level":"error","event":"Failed to run task callback","kind":"on_success_callback","index":0,"callback":"<function task_success_callback at 0x16c30a3e0>","logger":"task","filename":"task_runner.py","lineno":1334,"error_detail":[{"exc_type":"KeyError","exc_value":"'execution_date'","exc_notes":[],"syntax_error":null,"is_cause":false,"frames":[{"filename":"/opt/anaconda3/lib/python3.12/site-packages/airflow/sdk/execution_time/task_runner.py","lineno":1332,"name":"_run_task_state_change_callbacks"},{"filename":"/opt/anaconda3/lib/python3.12/site-packages/airflow/sdk/execution_time/callback_runner.py","lineno":82,"name":"run"},{"filename":"/Users/aditireddy/Desktop/personal-finance-pipeline/personal-finance-pipeline/airflow/dags/personal_finance_etl_dag.py","lineno":93,"name":"task_success_callback"}],"is_group":false,"exceptions":[]}]}
{"timestamp":"2026-02-22T01:57:02.456446Z","level":"info","event":"✅ Task print_summary completed successfully!","logger":"task.stdout"}
{"timestamp":"2026-02-22T01:57:02.458903Z","level":"info","event":"Task instance in success state","logger":"task.stdout"}
{"timestamp":"2026-02-22T01:57:02.458926Z","level":"info","event":" Previous state of the Task instance: TaskInstanceState.RUNNING","logger":"task.stdout"}
{"timestamp":"2026-02-22T01:57:02.458944Z","level":"info","event":"Task operator:<Task(PythonOperator): print_summary>","logger":"task.stdout"}
