{"timestamp":"2026-02-22T02:00:18.554535Z","level":"info","event":"NumExpr defaulting to 8 threads.","logger":"numexpr.utils","filename":"utils.py","lineno":160}
{"timestamp":"2026-02-22T02:00:18.950661Z","level":"info","event":"DAG bundles loaded: dags-folder, example_dags","logger":"airflow.dag_processing.bundles.manager.DagBundlesManager","filename":"manager.py","lineno":179}
{"timestamp":"2026-02-22T02:00:18.951163Z","level":"info","event":"Filling up the DagBag from /Users/aditireddy/Desktop/personal-finance-pipeline/personal-finance-pipeline/airflow/dags/personal_finance_etl_dag.py","logger":"airflow.models.dagbag.BundleDagBag","filename":"dagbag.py","lineno":593}
{"timestamp":"2026-02-22T02:00:19.241398Z","level":"warning","event":"The SLA feature is removed in Airflow 3.0, replaced with Deadline Alerts in >=3.1","category":"UserWarning","filename":"/opt/anaconda3/lib/python3.12/site-packages/airflow/providers/standard/operators/python.py","lineno":191,"logger":"py.warnings"}
{"timestamp":"2026-02-22T02:00:19.294198Z","level":"info","event":"Task instance is in running state","logger":"task.stdout"}
{"timestamp":"2026-02-22T02:00:19.294372Z","level":"info","event":" Previous state of the Task instance: TaskInstanceState.QUEUED","logger":"task.stdout"}
{"timestamp":"2026-02-22T02:00:19.294597Z","level":"info","event":"Current task name:benchmark_performance","logger":"task.stdout"}
{"timestamp":"2026-02-22T02:00:19.294642Z","level":"info","event":"Dag name:personal_finance_etl","logger":"task.stdout"}
{"timestamp":"2026-02-22T02:00:19.318195Z","level":"info","event":"","logger":"task.stdout"}
{"timestamp":"2026-02-22T02:00:19.318414Z","level":"info","event":"============================================================","logger":"task.stdout"}
{"timestamp":"2026-02-22T02:00:19.318532Z","level":"info","event":"⚡ PERFORMANCE BENCHMARK REPORT","logger":"task.stdout"}
{"timestamp":"2026-02-22T02:00:19.318592Z","level":"info","event":"============================================================","logger":"task.stdout"}
{"timestamp":"2026-02-22T02:00:19.318619Z","level":"info","event":"Database Load Duration: 0.11 seconds","logger":"task.stdout"}
{"timestamp":"2026-02-22T02:00:19.318639Z","level":"info","event":"Rows Loaded: 1,000","logger":"task.stdout"}
{"timestamp":"2026-02-22T02:00:19.318727Z","level":"info","event":"Throughput: 9077 rows/second","logger":"task.stdout"}
{"timestamp":"2026-02-22T02:00:19.318796Z","level":"info","event":"🚀 EXCELLENT performance (>400 rows/sec)","logger":"task.stdout"}
{"timestamp":"2026-02-22T02:00:19.318823Z","level":"info","event":"","logger":"task.stdout"}
{"timestamp":"2026-02-22T02:00:19.318843Z","level":"info","event":"Total Pipeline Duration: 17.60 seconds","logger":"task.stdout"}
{"timestamp":"2026-02-22T02:00:19.318873Z","level":"info","event":"============================================================","logger":"task.stdout"}
{"timestamp":"2026-02-22T02:00:19.318981Z","level":"info","event":"","logger":"task.stdout"}
{"timestamp":"2026-02-22T02:00:19.319253Z","level":"info","event":"📊 Benchmark saved to /tmp/pipeline_benchmarks.json","logger":"task.stdout"}
{"timestamp":"2026-02-22T02:00:19.319970Z","level":"info","event":"Done. Returned value was: None","logger":"airflow.task.operators.airflow.providers.standard.operators.python.PythonOperator","filename":"python.py","lineno":230}
{"timestamp":"2026-02-22T02:00:19.355865Z","level":"info","event":"Task instance in success state","logger":"task.stdout"}
{"timestamp":"2026-02-22T02:00:19.356070Z","level":"info","event":" Previous state of the Task instance: TaskInstanceState.RUNNING","logger":"task.stdout"}
{"timestamp":"2026-02-22T02:00:19.359332Z","level":"info","event":"Task operator:<Task(PythonOperator): benchmark_performance>","logger":"task.stdout"}
