{"timestamp":"2026-02-22T01:22:57.611083Z","level":"info","event":"NumExpr defaulting to 8 threads.","logger":"numexpr.utils","filename":"utils.py","lineno":160}
{"timestamp":"2026-02-22T01:22:57.737818Z","level":"info","event":"DAG bundles loaded: dags-folder, example_dags","logger":"airflow.dag_processing.bundles.manager.DagBundlesManager","filename":"manager.py","lineno":179}
{"timestamp":"2026-02-22T01:22:57.738081Z","level":"info","event":"Filling up the DagBag from /Users/aditireddy/Desktop/personal-finance-pipeline/personal-finance-pipeline/airflow/dags/personal_finance_etl_dag.py","logger":"airflow.models.dagbag.BundleDagBag","filename":"dagbag.py","lineno":593}
{"timestamp":"2026-02-22T01:22:57.873742Z","level":"warning","event":"The SLA feature is removed in Airflow 3.0, replaced with Deadline Alerts in >=3.1","category":"UserWarning","filename":"/opt/anaconda3/lib/python3.12/site-packages/airflow/providers/standard/operators/python.py","lineno":191,"logger":"py.warnings"}
{"timestamp":"2026-02-22T01:22:57.884199Z","level":"info","event":"Task instance is in running state","logger":"task.stdout"}
{"timestamp":"2026-02-22T01:22:57.884252Z","level":"info","event":" Previous state of the Task instance: TaskInstanceState.QUEUED","logger":"task.stdout"}
{"timestamp":"2026-02-22T01:22:57.884557Z","level":"info","event":"Current task name:load_to_postgres","logger":"task.stdout"}
{"timestamp":"2026-02-22T01:22:57.884576Z","level":"info","event":"Dag name:personal_finance_etl","logger":"task.stdout"}
{"timestamp":"2026-02-22T01:22:57.885243Z","level":"info","event":"📤 Starting PostgreSQL load...","logger":"task.stdout"}
{"timestamp":"2026-02-22T01:22:57.887994Z","level":"info","event":"📊 Loading 1000 rows to PostgreSQL","logger":"task.stdout"}
{"timestamp":"2026-02-22T01:22:58.018989Z","level":"info","event":"🗄️  Creating staging table...","logger":"task.stdout"}
{"timestamp":"2026-02-22T01:22:58.029716Z","level":"info","event":"✅ Staging table created","logger":"task.stdout"}
{"timestamp":"2026-02-22T01:22:58.029795Z","level":"info","event":"📥 Inserting data...","logger":"task.stdout"}
{"timestamp":"2026-02-22T01:22:58.044171Z","level":"info","event":"  Loaded 100/1000 rows...","logger":"task.stdout"}
{"timestamp":"2026-02-22T01:22:58.053398Z","level":"info","event":"  Loaded 200/1000 rows...","logger":"task.stdout"}
{"timestamp":"2026-02-22T01:22:58.061614Z","level":"info","event":"  Loaded 300/1000 rows...","logger":"task.stdout"}
{"timestamp":"2026-02-22T01:22:58.068630Z","level":"info","event":"  Loaded 400/1000 rows...","logger":"task.stdout"}
{"timestamp":"2026-02-22T01:22:58.074930Z","level":"info","event":"  Loaded 500/1000 rows...","logger":"task.stdout"}
{"timestamp":"2026-02-22T01:22:58.083421Z","level":"info","event":"  Loaded 600/1000 rows...","logger":"task.stdout"}
{"timestamp":"2026-02-22T01:22:58.091362Z","level":"info","event":"  Loaded 700/1000 rows...","logger":"task.stdout"}
{"timestamp":"2026-02-22T01:22:58.096603Z","level":"info","event":"  Loaded 800/1000 rows...","logger":"task.stdout"}
{"timestamp":"2026-02-22T01:22:58.102060Z","level":"info","event":"  Loaded 900/1000 rows...","logger":"task.stdout"}
{"timestamp":"2026-02-22T01:22:58.114486Z","level":"info","event":"  Loaded 1000/1000 rows...","logger":"task.stdout"}
{"timestamp":"2026-02-22T01:22:58.117048Z","level":"info","event":"✅ Successfully loaded 1000 rows to staging_transactions","logger":"task.stdout"}
{"timestamp":"2026-02-22T01:22:58.121942Z","level":"info","event":"Done. Returned value was: 1000","logger":"airflow.task.operators.airflow.providers.standard.operators.python.PythonOperator","filename":"python.py","lineno":230}
{"timestamp":"2026-02-22T01:22:58.122053Z","level":"info","event":"Pushing xcom","ti":"RuntimeTaskInstance(id=UUID('019c82f1-3477-73be-a186-58501e6e48d6'), task_id='load_to_postgres', dag_id='personal_finance_etl', run_id='manual__2026-02-22T01:22:51.594957+00:00', try_number=1, dag_version_id=UUID('019c82eb-5030-7d5b-96b5-52f3d0f6e793'), map_index=-1, hostname='138-229-50-88-static.cmsinter.net', context_carrier={}, task=<Task(PythonOperator): load_to_postgres>, bundle_instance=LocalDagBundle(name=dags-folder), max_tries=3, start_date=datetime.datetime(2026, 2, 22, 1, 22, 57, 316229, tzinfo=datetime.timezone.utc), end_date=None, state=<TaskInstanceState.RUNNING: 'running'>, is_mapped=False, rendered_map_index=None)","logger":"task","filename":"task_runner.py","lineno":1522}
{"timestamp":"2026-02-22T01:22:58.129949Z","level":"info","event":"✅ Task load_to_postgres completed successfully!","logger":"task.stdout"}
{"timestamp":"2026-02-22T01:22:58.130068Z","level":"error","event":"Failed to run task callback","kind":"on_success_callback","index":0,"callback":"<function task_success_callback at 0x13358ee80>","logger":"task","filename":"task_runner.py","lineno":1334,"error_detail":[{"exc_type":"KeyError","exc_value":"'execution_date'","exc_notes":[],"syntax_error":null,"is_cause":false,"frames":[{"filename":"/opt/anaconda3/lib/python3.12/site-packages/airflow/sdk/execution_time/task_runner.py","lineno":1332,"name":"_run_task_state_change_callbacks"},{"filename":"/opt/anaconda3/lib/python3.12/site-packages/airflow/sdk/execution_time/callback_runner.py","lineno":82,"name":"run"},{"filename":"/Users/aditireddy/Desktop/personal-finance-pipeline/personal-finance-pipeline/airflow/dags/personal_finance_etl_dag.py","lineno":93,"name":"task_success_callback"}],"is_group":false,"exceptions":[]}]}
{"timestamp":"2026-02-22T01:22:58.130260Z","level":"info","event":"Task instance in success state","logger":"task.stdout"}
{"timestamp":"2026-02-22T01:22:58.130280Z","level":"info","event":" Previous state of the Task instance: TaskInstanceState.RUNNING","logger":"task.stdout"}
{"timestamp":"2026-02-22T01:22:58.130557Z","level":"info","event":"Task operator:<Task(PythonOperator): load_to_postgres>","logger":"task.stdout"}
