{"timestamp":"2026-02-18T19:37:12.821830Z","level":"info","event":"NumExpr defaulting to 8 threads.","logger":"numexpr.utils","filename":"utils.py","lineno":160}
{"timestamp":"2026-02-18T19:37:12.943967Z","level":"info","event":"DAG bundles loaded: dags-folder, example_dags","logger":"airflow.dag_processing.bundles.manager.DagBundlesManager","filename":"manager.py","lineno":179}
{"timestamp":"2026-02-18T19:37:12.944241Z","level":"info","event":"Filling up the DagBag from /Users/aditireddy/Desktop/personal-finance-pipeline/personal-finance-pipeline/airflow/dags/personal_finance_etl_dag.py","logger":"airflow.models.dagbag.BundleDagBag","filename":"dagbag.py","lineno":593}
{"timestamp":"2026-02-18T19:37:13.066851Z","level":"info","event":"Task instance is in running state","logger":"task.stdout"}
{"timestamp":"2026-02-18T19:37:13.066910Z","level":"info","event":" Previous state of the Task instance: TaskInstanceState.QUEUED","logger":"task.stdout"}
{"timestamp":"2026-02-18T19:37:13.067727Z","level":"info","event":"Current task name:load_to_postgres","logger":"task.stdout"}
{"timestamp":"2026-02-18T19:37:13.067748Z","level":"info","event":"Dag name:personal_finance_etl","logger":"task.stdout"}
{"timestamp":"2026-02-18T19:37:13.068345Z","level":"info","event":"📤 Starting PostgreSQL load...","logger":"task.stdout"}
{"timestamp":"2026-02-18T19:37:13.070667Z","level":"info","event":"📊 Loading 1000 rows to PostgreSQL","logger":"task.stdout"}
{"timestamp":"2026-02-18T19:37:13.238784Z","level":"info","event":"🗄️  Creating staging table...","logger":"task.stdout"}
{"timestamp":"2026-02-18T19:37:13.248805Z","level":"info","event":"✅ Staging table created","logger":"task.stdout"}
{"timestamp":"2026-02-18T19:37:13.248882Z","level":"info","event":"📥 Inserting data...","logger":"task.stdout"}
{"timestamp":"2026-02-18T19:37:13.252439Z","level":"info","event":"  Loaded 10/1000 rows...","logger":"task.stdout"}
{"timestamp":"2026-02-18T19:37:13.253407Z","level":"info","event":"  Loaded 20/1000 rows...","logger":"task.stdout"}
{"timestamp":"2026-02-18T19:37:13.254328Z","level":"info","event":"  Loaded 30/1000 rows...","logger":"task.stdout"}
{"timestamp":"2026-02-18T19:37:13.255279Z","level":"info","event":"  Loaded 40/1000 rows...","logger":"task.stdout"}
{"timestamp":"2026-02-18T19:37:13.256234Z","level":"info","event":"  Loaded 50/1000 rows...","logger":"task.stdout"}
{"timestamp":"2026-02-18T19:37:13.257143Z","level":"info","event":"  Loaded 60/1000 rows...","logger":"task.stdout"}
{"timestamp":"2026-02-18T19:37:13.258085Z","level":"info","event":"  Loaded 70/1000 rows...","logger":"task.stdout"}
{"timestamp":"2026-02-18T19:37:13.259150Z","level":"info","event":"  Loaded 80/1000 rows...","logger":"task.stdout"}
{"timestamp":"2026-02-18T19:37:13.260053Z","level":"info","event":"  Loaded 90/1000 rows...","logger":"task.stdout"}
{"timestamp":"2026-02-18T19:37:13.260838Z","level":"info","event":"  Loaded 100/1000 rows...","logger":"task.stdout"}
{"timestamp":"2026-02-18T19:37:13.261625Z","level":"info","event":"  Loaded 110/1000 rows...","logger":"task.stdout"}
{"timestamp":"2026-02-18T19:37:13.262429Z","level":"info","event":"  Loaded 120/1000 rows...","logger":"task.stdout"}
{"timestamp":"2026-02-18T19:37:13.263202Z","level":"info","event":"  Loaded 130/1000 rows...","logger":"task.stdout"}
{"timestamp":"2026-02-18T19:37:13.263968Z","level":"info","event":"  Loaded 140/1000 rows...","logger":"task.stdout"}
{"timestamp":"2026-02-18T19:37:13.264926Z","level":"info","event":"  Loaded 150/1000 rows...","logger":"task.stdout"}
{"timestamp":"2026-02-18T19:37:13.265863Z","level":"info","event":"  Loaded 160/1000 rows...","logger":"task.stdout"}
{"timestamp":"2026-02-18T19:37:13.266791Z","level":"info","event":"  Loaded 170/1000 rows...","logger":"task.stdout"}
{"timestamp":"2026-02-18T19:37:13.267716Z","level":"info","event":"  Loaded 180/1000 rows...","logger":"task.stdout"}
{"timestamp":"2026-02-18T19:37:13.268640Z","level":"info","event":"  Loaded 190/1000 rows...","logger":"task.stdout"}
{"timestamp":"2026-02-18T19:37:13.269549Z","level":"info","event":"  Loaded 200/1000 rows...","logger":"task.stdout"}
{"timestamp":"2026-02-18T19:37:13.270480Z","level":"info","event":"  Loaded 210/1000 rows...","logger":"task.stdout"}
{"timestamp":"2026-02-18T19:37:13.271388Z","level":"info","event":"  Loaded 220/1000 rows...","logger":"task.stdout"}
{"timestamp":"2026-02-18T19:37:13.272286Z","level":"info","event":"  Loaded 230/1000 rows...","logger":"task.stdout"}
{"timestamp":"2026-02-18T19:37:13.273188Z","level":"info","event":"  Loaded 240/1000 rows...","logger":"task.stdout"}
{"timestamp":"2026-02-18T19:37:13.274159Z","level":"info","event":"  Loaded 250/1000 rows...","logger":"task.stdout"}
{"timestamp":"2026-02-18T19:37:13.275055Z","level":"info","event":"  Loaded 260/1000 rows...","logger":"task.stdout"}
{"timestamp":"2026-02-18T19:37:13.275926Z","level":"info","event":"  Loaded 270/1000 rows...","logger":"task.stdout"}
{"timestamp":"2026-02-18T19:37:13.276663Z","level":"info","event":"  Loaded 280/1000 rows...","logger":"task.stdout"}
{"timestamp":"2026-02-18T19:37:13.277330Z","level":"info","event":"  Loaded 290/1000 rows...","logger":"task.stdout"}
{"timestamp":"2026-02-18T19:37:13.277875Z","level":"info","event":"  Loaded 300/1000 rows...","logger":"task.stdout"}
{"timestamp":"2026-02-18T19:37:13.278489Z","level":"info","event":"  Loaded 310/1000 rows...","logger":"task.stdout"}
{"timestamp":"2026-02-18T19:37:13.279092Z","level":"info","event":"  Loaded 320/1000 rows...","logger":"task.stdout"}
{"timestamp":"2026-02-18T19:37:13.279658Z","level":"info","event":"  Loaded 330/1000 rows...","logger":"task.stdout"}
{"timestamp":"2026-02-18T19:37:13.280228Z","level":"info","event":"  Loaded 340/1000 rows...","logger":"task.stdout"}
{"timestamp":"2026-02-18T19:37:13.280806Z","level":"info","event":"  Loaded 350/1000 rows...","logger":"task.stdout"}
{"timestamp":"2026-02-18T19:37:13.281385Z","level":"info","event":"  Loaded 360/1000 rows...","logger":"task.stdout"}
{"timestamp":"2026-02-18T19:37:13.281952Z","level":"info","event":"  Loaded 370/1000 rows...","logger":"task.stdout"}
{"timestamp":"2026-02-18T19:37:13.282569Z","level":"info","event":"  Loaded 380/1000 rows...","logger":"task.stdout"}
{"timestamp":"2026-02-18T19:37:13.283159Z","level":"info","event":"  Loaded 390/1000 rows...","logger":"task.stdout"}
{"timestamp":"2026-02-18T19:37:13.283703Z","level":"info","event":"  Loaded 400/1000 rows...","logger":"task.stdout"}
{"timestamp":"2026-02-18T19:37:13.284242Z","level":"info","event":"  Loaded 410/1000 rows...","logger":"task.stdout"}
{"timestamp":"2026-02-18T19:37:13.284832Z","level":"info","event":"  Loaded 420/1000 rows...","logger":"task.stdout"}
{"timestamp":"2026-02-18T19:37:13.285468Z","level":"info","event":"  Loaded 430/1000 rows...","logger":"task.stdout"}
{"timestamp":"2026-02-18T19:37:13.286075Z","level":"info","event":"  Loaded 440/1000 rows...","logger":"task.stdout"}
{"timestamp":"2026-02-18T19:37:13.286615Z","level":"info","event":"  Loaded 450/1000 rows...","logger":"task.stdout"}
{"timestamp":"2026-02-18T19:37:13.287218Z","level":"info","event":"  Loaded 460/1000 rows...","logger":"task.stdout"}
{"timestamp":"2026-02-18T19:37:13.287791Z","level":"info","event":"  Loaded 470/1000 rows...","logger":"task.stdout"}
{"timestamp":"2026-02-18T19:37:13.288365Z","level":"info","event":"  Loaded 480/1000 rows...","logger":"task.stdout"}
{"timestamp":"2026-02-18T19:37:13.288951Z","level":"info","event":"  Loaded 490/1000 rows...","logger":"task.stdout"}
{"timestamp":"2026-02-18T19:37:13.289534Z","level":"info","event":"  Loaded 500/1000 rows...","logger":"task.stdout"}
{"timestamp":"2026-02-18T19:37:13.290068Z","level":"info","event":"  Loaded 510/1000 rows...","logger":"task.stdout"}
{"timestamp":"2026-02-18T19:37:13.290651Z","level":"info","event":"  Loaded 520/1000 rows...","logger":"task.stdout"}
{"timestamp":"2026-02-18T19:37:13.291188Z","level":"info","event":"  Loaded 530/1000 rows...","logger":"task.stdout"}
{"timestamp":"2026-02-18T19:37:13.291790Z","level":"info","event":"  Loaded 540/1000 rows...","logger":"task.stdout"}
{"timestamp":"2026-02-18T19:37:13.292359Z","level":"info","event":"  Loaded 550/1000 rows...","logger":"task.stdout"}
{"timestamp":"2026-02-18T19:37:13.292963Z","level":"info","event":"  Loaded 560/1000 rows...","logger":"task.stdout"}
{"timestamp":"2026-02-18T19:37:13.293552Z","level":"info","event":"  Loaded 570/1000 rows...","logger":"task.stdout"}
{"timestamp":"2026-02-18T19:37:13.294137Z","level":"info","event":"  Loaded 580/1000 rows...","logger":"task.stdout"}
{"timestamp":"2026-02-18T19:37:13.294675Z","level":"info","event":"  Loaded 590/1000 rows...","logger":"task.stdout"}
{"timestamp":"2026-02-18T19:37:13.295270Z","level":"info","event":"  Loaded 600/1000 rows...","logger":"task.stdout"}
{"timestamp":"2026-02-18T19:37:13.295859Z","level":"info","event":"  Loaded 610/1000 rows...","logger":"task.stdout"}
{"timestamp":"2026-02-18T19:37:13.296407Z","level":"info","event":"  Loaded 620/1000 rows...","logger":"task.stdout"}
{"timestamp":"2026-02-18T19:37:13.296958Z","level":"info","event":"  Loaded 630/1000 rows...","logger":"task.stdout"}
{"timestamp":"2026-02-18T19:37:13.297485Z","level":"info","event":"  Loaded 640/1000 rows...","logger":"task.stdout"}
{"timestamp":"2026-02-18T19:37:13.298018Z","level":"info","event":"  Loaded 650/1000 rows...","logger":"task.stdout"}
{"timestamp":"2026-02-18T19:37:13.298565Z","level":"info","event":"  Loaded 660/1000 rows...","logger":"task.stdout"}
{"timestamp":"2026-02-18T19:37:13.299098Z","level":"info","event":"  Loaded 670/1000 rows...","logger":"task.stdout"}
{"timestamp":"2026-02-18T19:37:13.299693Z","level":"info","event":"  Loaded 680/1000 rows...","logger":"task.stdout"}
{"timestamp":"2026-02-18T19:37:13.300277Z","level":"info","event":"  Loaded 690/1000 rows...","logger":"task.stdout"}
{"timestamp":"2026-02-18T19:37:13.300821Z","level":"info","event":"  Loaded 700/1000 rows...","logger":"task.stdout"}
{"timestamp":"2026-02-18T19:37:13.301394Z","level":"info","event":"  Loaded 710/1000 rows...","logger":"task.stdout"}
{"timestamp":"2026-02-18T19:37:13.301961Z","level":"info","event":"  Loaded 720/1000 rows...","logger":"task.stdout"}
{"timestamp":"2026-02-18T19:37:13.302495Z","level":"info","event":"  Loaded 730/1000 rows...","logger":"task.stdout"}
{"timestamp":"2026-02-18T19:37:13.303061Z","level":"info","event":"  Loaded 740/1000 rows...","logger":"task.stdout"}
{"timestamp":"2026-02-18T19:37:13.303654Z","level":"info","event":"  Loaded 750/1000 rows...","logger":"task.stdout"}
{"timestamp":"2026-02-18T19:37:13.304193Z","level":"info","event":"  Loaded 760/1000 rows...","logger":"task.stdout"}
{"timestamp":"2026-02-18T19:37:13.304779Z","level":"info","event":"  Loaded 770/1000 rows...","logger":"task.stdout"}
{"timestamp":"2026-02-18T19:37:13.305352Z","level":"info","event":"  Loaded 780/1000 rows...","logger":"task.stdout"}
{"timestamp":"2026-02-18T19:37:13.305921Z","level":"info","event":"  Loaded 790/1000 rows...","logger":"task.stdout"}
{"timestamp":"2026-02-18T19:37:13.306447Z","level":"info","event":"  Loaded 800/1000 rows...","logger":"task.stdout"}
{"timestamp":"2026-02-18T19:37:13.307036Z","level":"info","event":"  Loaded 810/1000 rows...","logger":"task.stdout"}
{"timestamp":"2026-02-18T19:37:13.307561Z","level":"info","event":"  Loaded 820/1000 rows...","logger":"task.stdout"}
{"timestamp":"2026-02-18T19:37:13.308168Z","level":"info","event":"  Loaded 830/1000 rows...","logger":"task.stdout"}
{"timestamp":"2026-02-18T19:37:13.308712Z","level":"info","event":"  Loaded 840/1000 rows...","logger":"task.stdout"}
{"timestamp":"2026-02-18T19:37:13.309302Z","level":"info","event":"  Loaded 850/1000 rows...","logger":"task.stdout"}
{"timestamp":"2026-02-18T19:37:13.309860Z","level":"info","event":"  Loaded 860/1000 rows...","logger":"task.stdout"}
{"timestamp":"2026-02-18T19:37:13.310419Z","level":"info","event":"  Loaded 870/1000 rows...","logger":"task.stdout"}
{"timestamp":"2026-02-18T19:37:13.310993Z","level":"info","event":"  Loaded 880/1000 rows...","logger":"task.stdout"}
{"timestamp":"2026-02-18T19:37:13.311569Z","level":"info","event":"  Loaded 890/1000 rows...","logger":"task.stdout"}
{"timestamp":"2026-02-18T19:37:13.312121Z","level":"info","event":"  Loaded 900/1000 rows...","logger":"task.stdout"}
{"timestamp":"2026-02-18T19:37:13.312730Z","level":"info","event":"  Loaded 910/1000 rows...","logger":"task.stdout"}
{"timestamp":"2026-02-18T19:37:13.313295Z","level":"info","event":"  Loaded 920/1000 rows...","logger":"task.stdout"}
{"timestamp":"2026-02-18T19:37:13.313844Z","level":"info","event":"  Loaded 930/1000 rows...","logger":"task.stdout"}
{"timestamp":"2026-02-18T19:37:13.314393Z","level":"info","event":"  Loaded 940/1000 rows...","logger":"task.stdout"}
{"timestamp":"2026-02-18T19:37:13.314930Z","level":"info","event":"  Loaded 950/1000 rows...","logger":"task.stdout"}
{"timestamp":"2026-02-18T19:37:13.315456Z","level":"info","event":"  Loaded 960/1000 rows...","logger":"task.stdout"}
{"timestamp":"2026-02-18T19:37:13.316012Z","level":"info","event":"  Loaded 970/1000 rows...","logger":"task.stdout"}
{"timestamp":"2026-02-18T19:37:13.316734Z","level":"info","event":"  Loaded 980/1000 rows...","logger":"task.stdout"}
{"timestamp":"2026-02-18T19:37:13.317461Z","level":"info","event":"  Loaded 990/1000 rows...","logger":"task.stdout"}
{"timestamp":"2026-02-18T19:37:13.318264Z","level":"info","event":"  Loaded 1000/1000 rows...","logger":"task.stdout"}
{"timestamp":"2026-02-18T19:37:13.321931Z","level":"info","event":"✅ Successfully loaded 1000 rows to staging_transactions","logger":"task.stdout"}
{"timestamp":"2026-02-18T19:37:13.326084Z","level":"info","event":"Done. Returned value was: 1000","logger":"airflow.task.operators.airflow.providers.standard.operators.python.PythonOperator","filename":"python.py","lineno":230}
{"timestamp":"2026-02-18T19:37:13.326181Z","level":"info","event":"Pushing xcom","ti":"RuntimeTaskInstance(id=UUID('019c7241-9966-7ea3-ac4c-48f4ac0a654c'), task_id='load_to_postgres', dag_id='personal_finance_etl', run_id='manual__2026-02-18T19:37:07.646228+00:00', try_number=1, dag_version_id=UUID('019c722c-77ef-7705-a4ed-70e9d301d09d'), map_index=-1, hostname='138-229-58-45-static.cmsinter.net', context_carrier={}, task=<Task(PythonOperator): load_to_postgres>, bundle_instance=LocalDagBundle(name=dags-folder), max_tries=2, start_date=datetime.datetime(2026, 2, 18, 19, 37, 12, 555526, tzinfo=datetime.timezone.utc), end_date=None, state=<TaskInstanceState.RUNNING: 'running'>, is_mapped=False, rendered_map_index=None)","logger":"task","filename":"task_runner.py","lineno":1522}
{"timestamp":"2026-02-18T19:37:13.333144Z","level":"info","event":"Task instance in success state","logger":"task.stdout"}
{"timestamp":"2026-02-18T19:37:13.333201Z","level":"info","event":" Previous state of the Task instance: TaskInstanceState.RUNNING","logger":"task.stdout"}
{"timestamp":"2026-02-18T19:37:13.333529Z","level":"info","event":"Task operator:<Task(PythonOperator): load_to_postgres>","logger":"task.stdout"}
