{"timestamp":"2026-02-22T02:16:46.001636Z","level":"info","event":"NumExpr defaulting to 8 threads.","logger":"numexpr.utils","filename":"utils.py","lineno":160}
{"timestamp":"2026-02-22T02:16:46.141929Z","level":"info","event":"DAG bundles loaded: dags-folder, example_dags","logger":"airflow.dag_processing.bundles.manager.DagBundlesManager","filename":"manager.py","lineno":179}
{"timestamp":"2026-02-22T02:16:46.142202Z","level":"info","event":"Filling up the DagBag from /Users/aditireddy/Desktop/personal-finance-pipeline/personal-finance-pipeline/airflow/dags/personal_finance_etl_dag.py","logger":"airflow.models.dagbag.BundleDagBag","filename":"dagbag.py","lineno":593}
{"timestamp":"2026-02-22T02:16:46.279386Z","level":"warning","event":"The SLA feature is removed in Airflow 3.0, replaced with Deadline Alerts in >=3.1","category":"UserWarning","filename":"/opt/anaconda3/lib/python3.12/site-packages/airflow/providers/standard/operators/python.py","lineno":191,"logger":"py.warnings"}
{"timestamp":"2026-02-22T02:16:46.291259Z","level":"info","event":"Task instance is in running state","logger":"task.stdout"}
{"timestamp":"2026-02-22T02:16:46.291350Z","level":"info","event":" Previous state of the Task instance: TaskInstanceState.QUEUED","logger":"task.stdout"}
{"timestamp":"2026-02-22T02:16:46.291696Z","level":"info","event":"Current task name:load_to_postgres","logger":"task.stdout"}
{"timestamp":"2026-02-22T02:16:46.291739Z","level":"info","event":"Dag name:personal_finance_etl","logger":"task.stdout"}
{"timestamp":"2026-02-22T02:16:46.292485Z","level":"info","event":"📤 Starting PostgreSQL load (OPTIMIZED & IDEMPOTENT)...","logger":"task.stdout"}
{"timestamp":"2026-02-22T02:16:46.294677Z","level":"info","event":"📊 Loading 1000 rows to PostgreSQL","logger":"task.stdout"}
{"timestamp":"2026-02-22T02:16:46.538092Z","level":"info","event":"ℹ️  Table exists with 1000 existing rows","logger":"task.stdout"}
{"timestamp":"2026-02-22T02:16:46.538549Z","level":"info","event":"🔄 Running in IDEMPOTENT mode - will skip duplicates","logger":"task.stdout"}
{"timestamp":"2026-02-22T02:16:46.539301Z","level":"info","event":"✅ All transactions already loaded - nothing to do","logger":"task.stdout"}
{"timestamp":"2026-02-22T02:16:46.539354Z","level":"info","event":"📊 Total rows in table: 1000","logger":"task.stdout"}
{"timestamp":"2026-02-22T02:16:46.562071Z","level":"info","event":"Done. Returned value was: 1000","logger":"airflow.task.operators.airflow.providers.standard.operators.python.PythonOperator","filename":"python.py","lineno":230}
{"timestamp":"2026-02-22T02:16:46.562565Z","level":"info","event":"Pushing xcom","ti":"RuntimeTaskInstance(id=UUID('019c8322-77c9-7f57-9f72-afc66cf4bd2f'), task_id='load_to_postgres', dag_id='personal_finance_etl', run_id='manual__2026-02-22T02:16:40.108568+00:00', try_number=1, dag_version_id=UUID('019c831b-059f-7b47-a17a-feb8d9b4f8c8'), map_index=-1, hostname='138-229-50-88-static.cmsinter.net', context_carrier={}, task=<Task(PythonOperator): load_to_postgres>, bundle_instance=LocalDagBundle(name=dags-folder), max_tries=3, start_date=datetime.datetime(2026, 2, 22, 2, 16, 45, 590211, tzinfo=datetime.timezone.utc), end_date=None, state=<TaskInstanceState.RUNNING: 'running'>, is_mapped=False, rendered_map_index=None)","logger":"task","filename":"task_runner.py","lineno":1522}
{"timestamp":"2026-02-22T02:16:46.575461Z","level":"info","event":"✅ Task load_to_postgres completed successfully!","logger":"task.stdout"}
{"timestamp":"2026-02-22T02:16:46.576378Z","level":"info","event":"Task instance in success state","logger":"task.stdout"}
{"timestamp":"2026-02-22T02:16:46.576428Z","level":"info","event":" Previous state of the Task instance: TaskInstanceState.RUNNING","logger":"task.stdout"}
{"timestamp":"2026-02-22T02:16:46.579615Z","level":"info","event":"Task operator:<Task(PythonOperator): load_to_postgres>","logger":"task.stdout"}
