{"timestamp":"2026-02-18T20:18:08.577956Z","level":"info","event":"NumExpr defaulting to 8 threads.","logger":"numexpr.utils","filename":"utils.py","lineno":160}
{"timestamp":"2026-02-18T20:18:08.695647Z","level":"info","event":"DAG bundles loaded: dags-folder, example_dags","logger":"airflow.dag_processing.bundles.manager.DagBundlesManager","filename":"manager.py","lineno":179}
{"timestamp":"2026-02-18T20:18:08.695916Z","level":"info","event":"Filling up the DagBag from /Users/aditireddy/Desktop/personal-finance-pipeline/personal-finance-pipeline/airflow/dags/personal_finance_etl_dag.py","logger":"airflow.models.dagbag.BundleDagBag","filename":"dagbag.py","lineno":593}
{"timestamp":"2026-02-18T20:18:08.830810Z","level":"info","event":"Task instance is in running state","logger":"task.stdout"}
{"timestamp":"2026-02-18T20:18:08.830865Z","level":"info","event":" Previous state of the Task instance: TaskInstanceState.QUEUED","logger":"task.stdout"}
{"timestamp":"2026-02-18T20:18:08.831066Z","level":"info","event":"Current task name:print_summary","logger":"task.stdout"}
{"timestamp":"2026-02-18T20:18:08.831087Z","level":"info","event":"Dag name:personal_finance_etl","logger":"task.stdout"}
{"timestamp":"2026-02-18T20:18:08.831546Z","level":"info","event":"","logger":"task.stdout"}
{"timestamp":"2026-02-18T20:18:08.831565Z","level":"info","event":"============================================================","logger":"task.stdout"}
{"timestamp":"2026-02-18T20:18:08.831580Z","level":"info","event":"📊 PIPELINE EXECUTION SUMMARY","logger":"task.stdout"}
{"timestamp":"2026-02-18T20:18:08.831595Z","level":"info","event":"============================================================","logger":"task.stdout"}
{"timestamp":"2026-02-18T20:18:08.838243Z","level":"info","event":"📥 Downloaded Rows: 1000","logger":"task.stdout"}
{"timestamp":"2026-02-18T20:18:08.838296Z","level":"info","event":"✅ Validation: PASSED","logger":"task.stdout"}
{"timestamp":"2026-02-18T20:18:08.838317Z","level":"info","event":"   - Null values: 0","logger":"task.stdout"}
{"timestamp":"2026-02-18T20:18:08.838335Z","level":"info","event":"   - Duplicates: 0","logger":"task.stdout"}
{"timestamp":"2026-02-18T20:18:08.838357Z","level":"info","event":"🔄 Transformed: 1000 rows","logger":"task.stdout"}
{"timestamp":"2026-02-18T20:18:08.838372Z","level":"info","event":"📤 Loaded to PostgreSQL: 1000 rows","logger":"task.stdout"}
{"timestamp":"2026-02-18T20:18:08.838387Z","level":"info","event":"⏱️  Pipeline Run: scheduled__2026-02-18T20:18:00+00:00","logger":"task.stdout"}
{"timestamp":"2026-02-18T20:18:08.838426Z","level":"info","event":"📅 Run Date: 2026-02-18 20:18:01.451628+00:00","logger":"task.stdout"}
{"timestamp":"2026-02-18T20:18:08.838441Z","level":"info","event":"============================================================","logger":"task.stdout"}
{"timestamp":"2026-02-18T20:18:08.838455Z","level":"info","event":"✅ ETL PIPELINE COMPLETED SUCCESSFULLY! 🎉","logger":"task.stdout"}
{"timestamp":"2026-02-18T20:18:08.838469Z","level":"info","event":"============================================================","logger":"task.stdout"}
{"timestamp":"2026-02-18T20:18:08.838483Z","level":"info","event":"","logger":"task.stdout"}
{"timestamp":"2026-02-18T20:18:08.838410Z","level":"info","event":"Done. Returned value was: None","logger":"airflow.task.operators.airflow.providers.standard.operators.python.PythonOperator","filename":"python.py","lineno":230}
{"timestamp":"2026-02-18T20:18:08.843196Z","level":"info","event":"Task instance in success state","logger":"task.stdout"}
{"timestamp":"2026-02-18T20:18:08.843243Z","level":"info","event":" Previous state of the Task instance: TaskInstanceState.RUNNING","logger":"task.stdout"}
{"timestamp":"2026-02-18T20:18:08.843512Z","level":"info","event":"Task operator:<Task(PythonOperator): print_summary>","logger":"task.stdout"}
