{"timestamp":"2026-02-22T02:16:48.035183Z","level":"info","event":"NumExpr defaulting to 8 threads.","logger":"numexpr.utils","filename":"utils.py","lineno":160}
{"timestamp":"2026-02-22T02:16:48.167356Z","level":"info","event":"DAG bundles loaded: dags-folder, example_dags","logger":"airflow.dag_processing.bundles.manager.DagBundlesManager","filename":"manager.py","lineno":179}
{"timestamp":"2026-02-22T02:16:48.167768Z","level":"info","event":"Filling up the DagBag from /Users/aditireddy/Desktop/personal-finance-pipeline/personal-finance-pipeline/airflow/dags/personal_finance_etl_dag.py","logger":"airflow.models.dagbag.BundleDagBag","filename":"dagbag.py","lineno":593}
{"timestamp":"2026-02-22T02:16:48.300649Z","level":"warning","event":"The SLA feature is removed in Airflow 3.0, replaced with Deadline Alerts in >=3.1","category":"UserWarning","filename":"/opt/anaconda3/lib/python3.12/site-packages/airflow/providers/standard/operators/python.py","lineno":191,"logger":"py.warnings"}
{"timestamp":"2026-02-22T02:16:48.314958Z","level":"info","event":"Task instance is in running state","logger":"task.stdout"}
{"timestamp":"2026-02-22T02:16:48.315031Z","level":"info","event":" Previous state of the Task instance: TaskInstanceState.QUEUED","logger":"task.stdout"}
{"timestamp":"2026-02-22T02:16:48.315351Z","level":"info","event":"Current task name:print_summary","logger":"task.stdout"}
{"timestamp":"2026-02-22T02:16:48.315376Z","level":"info","event":"Dag name:personal_finance_etl","logger":"task.stdout"}
{"timestamp":"2026-02-22T02:16:48.316069Z","level":"info","event":"","logger":"task.stdout"}
{"timestamp":"2026-02-22T02:16:48.316090Z","level":"info","event":"============================================================","logger":"task.stdout"}
{"timestamp":"2026-02-22T02:16:48.316107Z","level":"info","event":"📊 PIPELINE EXECUTION SUMMARY","logger":"task.stdout"}
{"timestamp":"2026-02-22T02:16:48.316123Z","level":"info","event":"============================================================","logger":"task.stdout"}
{"timestamp":"2026-02-22T02:16:48.332972Z","level":"info","event":"🔄 Run Type: MANUAL","logger":"task.stdout"}
{"timestamp":"2026-02-22T02:16:48.333044Z","level":"info","event":"📥 Downloaded Rows: 1000","logger":"task.stdout"}
{"timestamp":"2026-02-22T02:16:48.333067Z","level":"info","event":"✅ Validation: PASSED","logger":"task.stdout"}
{"timestamp":"2026-02-22T02:16:48.333086Z","level":"info","event":"   - Issues: 0","logger":"task.stdout"}
{"timestamp":"2026-02-22T02:16:48.333103Z","level":"info","event":"   - Warnings: 2","logger":"task.stdout"}
{"timestamp":"2026-02-22T02:16:48.333118Z","level":"info","event":"🔄 Transformed: 1000 rows","logger":"task.stdout"}
{"timestamp":"2026-02-22T02:16:48.333160Z","level":"info","event":"📤 Loaded to PostgreSQL: 0 NEW rows","logger":"task.stdout"}
{"timestamp":"2026-02-22T02:16:48.333177Z","level":"info","event":"📊 Total rows in table: 1000","logger":"task.stdout"}
{"timestamp":"2026-02-22T02:16:48.333192Z","level":"info","event":"⏱️  Pipeline Run ID: manual__2026-02-22T02:16:40.108568+00:00","logger":"task.stdout"}
{"timestamp":"2026-02-22T02:16:48.333207Z","level":"info","event":"📅 Run Date: 2026-02-22 02:16:41.396070+00:00","logger":"task.stdout"}
{"timestamp":"2026-02-22T02:16:48.333222Z","level":"info","event":"⏰ Schedule: Daily at 2:00 AM","logger":"task.stdout"}
{"timestamp":"2026-02-22T02:16:48.333236Z","level":"info","event":"============================================================","logger":"task.stdout"}
{"timestamp":"2026-02-22T02:16:48.333250Z","level":"info","event":"✅ ETL PIPELINE COMPLETED SUCCESSFULLY! 🎉","logger":"task.stdout"}
{"timestamp":"2026-02-22T02:16:48.333265Z","level":"info","event":"============================================================","logger":"task.stdout"}
{"timestamp":"2026-02-22T02:16:48.333280Z","level":"info","event":"","logger":"task.stdout"}
{"timestamp":"2026-02-22T02:16:48.333156Z","level":"info","event":"Done. Returned value was: None","logger":"airflow.task.operators.airflow.providers.standard.operators.python.PythonOperator","filename":"python.py","lineno":230}
{"timestamp":"2026-02-22T02:16:48.339256Z","level":"info","event":"✅ Task print_summary completed successfully!","logger":"task.stdout"}
{"timestamp":"2026-02-22T02:16:48.339309Z","level":"info","event":"Task instance in success state","logger":"task.stdout"}
{"timestamp":"2026-02-22T02:16:48.339328Z","level":"info","event":" Previous state of the Task instance: TaskInstanceState.RUNNING","logger":"task.stdout"}
{"timestamp":"2026-02-22T02:16:48.339602Z","level":"info","event":"Task operator:<Task(PythonOperator): print_summary>","logger":"task.stdout"}
