{"timestamp":"2026-02-22T01:26:50.749174Z","level":"info","event":"NumExpr defaulting to 8 threads.","logger":"numexpr.utils","filename":"utils.py","lineno":160}
{"timestamp":"2026-02-22T01:26:51.254638Z","level":"info","event":"DAG bundles loaded: dags-folder, example_dags","logger":"airflow.dag_processing.bundles.manager.DagBundlesManager","filename":"manager.py","lineno":179}
{"timestamp":"2026-02-22T01:26:51.260298Z","level":"info","event":"Filling up the DagBag from /Users/aditireddy/Desktop/personal-finance-pipeline/personal-finance-pipeline/airflow/dags/pipeline_health_check.py","logger":"airflow.models.dagbag.BundleDagBag","filename":"dagbag.py","lineno":593}
{"timestamp":"2026-02-22T01:26:51.365131Z","level":"info","event":"Task instance is in running state","logger":"task.stdout"}
{"timestamp":"2026-02-22T01:26:51.365363Z","level":"info","event":" Previous state of the Task instance: TaskInstanceState.QUEUED","logger":"task.stdout"}
{"timestamp":"2026-02-22T01:26:51.365481Z","level":"info","event":"Current task name:check_latest_data","logger":"task.stdout"}
{"timestamp":"2026-02-22T01:26:51.365504Z","level":"info","event":"Dag name:pipeline_health_check","logger":"task.stdout"}
{"timestamp":"2026-02-22T01:26:51.548303Z","level":"info","event":"============================================================","logger":"task.stdout"}
{"timestamp":"2026-02-22T01:26:51.548443Z","level":"info","event":"📊 DATA HEALTH CHECK","logger":"task.stdout"}
{"timestamp":"2026-02-22T01:26:51.548480Z","level":"info","event":"============================================================","logger":"task.stdout"}
{"timestamp":"2026-02-22T01:26:51.557718Z","level":"info","event":"Total Rows: 1,000","logger":"task.stdout"}
{"timestamp":"2026-02-22T01:26:51.558064Z","level":"info","event":"Last Load: 2026-02-21 20:22:56.869814","logger":"task.stdout"}
{"timestamp":"2026-02-22T01:26:51.558233Z","level":"info","event":"Hours Since Last Load: 0.1","logger":"task.stdout"}
{"timestamp":"2026-02-22T01:26:51.558355Z","level":"info","event":"✅ Data is fresh","logger":"task.stdout"}
{"timestamp":"2026-02-22T01:26:51.558382Z","level":"info","event":"============================================================","logger":"task.stdout"}
{"timestamp":"2026-02-22T01:26:51.554962Z","level":"info","event":"Done. Returned value was: True","logger":"airflow.task.operators.airflow.providers.standard.operators.python.PythonOperator","filename":"python.py","lineno":230}
{"timestamp":"2026-02-22T01:26:51.556365Z","level":"info","event":"Pushing xcom","ti":"RuntimeTaskInstance(id=UUID('019c82f4-d1f5-7317-b1e2-52843c2940c2'), task_id='check_latest_data', dag_id='pipeline_health_check', run_id='manual__2026-02-22T01:26:48.538470+00:00', try_number=1, dag_version_id=UUID('019c82f3-f2c4-73a0-976f-a72bdc6a5241'), map_index=-1, hostname='138-229-50-88-static.cmsinter.net', context_carrier={}, task=<Task(PythonOperator): check_latest_data>, bundle_instance=LocalDagBundle(name=dags-folder), max_tries=1, start_date=datetime.datetime(2026, 2, 22, 1, 26, 49, 999866, tzinfo=datetime.timezone.utc), end_date=None, state=<TaskInstanceState.RUNNING: 'running'>, is_mapped=False, rendered_map_index=None)","logger":"task","filename":"task_runner.py","lineno":1522}
{"timestamp":"2026-02-22T01:26:51.722663Z","level":"info","event":"Task instance in success state","logger":"task.stdout"}
{"timestamp":"2026-02-22T01:26:51.723015Z","level":"info","event":" Previous state of the Task instance: TaskInstanceState.RUNNING","logger":"task.stdout"}
{"timestamp":"2026-02-22T01:26:51.724680Z","level":"info","event":"Task operator:<Task(PythonOperator): check_latest_data>","logger":"task.stdout"}
