{"timestamp":"2026-02-18T19:37:14.558313Z","level":"info","event":"NumExpr defaulting to 8 threads.","logger":"numexpr.utils","filename":"utils.py","lineno":160}
{"timestamp":"2026-02-18T19:37:14.739008Z","level":"info","event":"DAG bundles loaded: dags-folder, example_dags","logger":"airflow.dag_processing.bundles.manager.DagBundlesManager","filename":"manager.py","lineno":179}
{"timestamp":"2026-02-18T19:37:14.739299Z","level":"info","event":"Filling up the DagBag from /Users/aditireddy/Desktop/personal-finance-pipeline/personal-finance-pipeline/airflow/dags/personal_finance_etl_dag.py","logger":"airflow.models.dagbag.BundleDagBag","filename":"dagbag.py","lineno":593}
{"timestamp":"2026-02-18T19:37:14.892232Z","level":"info","event":"Task instance is in running state","logger":"task.stdout"}
{"timestamp":"2026-02-18T19:37:14.892325Z","level":"info","event":" Previous state of the Task instance: TaskInstanceState.QUEUED","logger":"task.stdout"}
{"timestamp":"2026-02-18T19:37:14.892627Z","level":"info","event":"Current task name:print_summary","logger":"task.stdout"}
{"timestamp":"2026-02-18T19:37:14.892649Z","level":"info","event":"Dag name:personal_finance_etl","logger":"task.stdout"}
{"timestamp":"2026-02-18T19:37:14.893348Z","level":"info","event":"","logger":"task.stdout"}
{"timestamp":"2026-02-18T19:37:14.893374Z","level":"info","event":"============================================================","logger":"task.stdout"}
{"timestamp":"2026-02-18T19:37:14.893390Z","level":"info","event":"📊 PIPELINE EXECUTION SUMMARY","logger":"task.stdout"}
{"timestamp":"2026-02-18T19:37:14.893408Z","level":"info","event":"============================================================","logger":"task.stdout"}
{"timestamp":"2026-02-18T19:37:14.906121Z","level":"info","event":"📥 Downloaded Rows: 1000","logger":"task.stdout"}
{"timestamp":"2026-02-18T19:37:14.906196Z","level":"info","event":"✅ Validation: PASSED","logger":"task.stdout"}
{"timestamp":"2026-02-18T19:37:14.906221Z","level":"info","event":"   - Null values: 0","logger":"task.stdout"}
{"timestamp":"2026-02-18T19:37:14.906239Z","level":"info","event":"   - Duplicates: 0","logger":"task.stdout"}
{"timestamp":"2026-02-18T19:37:14.906256Z","level":"info","event":"🔄 Transformed: 1000 rows","logger":"task.stdout"}
{"timestamp":"2026-02-18T19:37:14.906273Z","level":"info","event":"📤 Loaded to PostgreSQL: 1000 rows","logger":"task.stdout"}
{"timestamp":"2026-02-18T19:37:14.906332Z","level":"info","event":"⏱️  Pipeline Run: manual__2026-02-18T19:37:07.646228+00:00","logger":"task.stdout"}
{"timestamp":"2026-02-18T19:37:14.906183Z","level":"error","event":"Task failed with exception","logger":"task","filename":"task_runner.py","lineno":1142,"error_detail":[{"exc_type":"KeyError","exc_value":"'execution_date'","exc_notes":[],"syntax_error":null,"is_cause":false,"frames":[{"filename":"/opt/anaconda3/lib/python3.12/site-packages/airflow/sdk/execution_time/task_runner.py","lineno":1068,"name":"run"},{"filename":"/opt/anaconda3/lib/python3.12/site-packages/airflow/sdk/execution_time/task_runner.py","lineno":1477,"name":"_execute_task"},{"filename":"/opt/anaconda3/lib/python3.12/site-packages/airflow/sdk/bases/operator.py","lineno":417,"name":"wrapper"},{"filename":"/opt/anaconda3/lib/python3.12/site-packages/airflow/providers/standard/operators/python.py","lineno":228,"name":"execute"},{"filename":"/opt/anaconda3/lib/python3.12/site-packages/airflow/providers/standard/operators/python.py","lineno":251,"name":"execute_callable"},{"filename":"/opt/anaconda3/lib/python3.12/site-packages/airflow/sdk/execution_time/callback_runner.py","lineno":82,"name":"run"},{"filename":"/Users/aditireddy/Desktop/personal-finance-pipeline/personal-finance-pipeline/airflow/dags/personal_finance_etl_dag.py","lineno":323,"name":"print_pipeline_summary"}],"is_group":false,"exceptions":[]}]}
{"timestamp":"2026-02-18T19:37:14.912960Z","level":"info","event":"Task instance in failure state","logger":"task.stdout"}
{"timestamp":"2026-02-18T19:37:14.913300Z","level":"info","event":"Task start","logger":"task.stdout"}
{"timestamp":"2026-02-18T19:37:14.913356Z","level":"info","event":"Task:<Task(PythonOperator): print_summary>","logger":"task.stdout"}
{"timestamp":"2026-02-18T19:37:14.913375Z","level":"info","event":"Failure caused by 'execution_date'","logger":"task.stdout"}
