{"timestamp":"2026-02-22T02:00:16.933836Z","level":"info","event":"NumExpr defaulting to 8 threads.","logger":"numexpr.utils","filename":"utils.py","lineno":160}
{"timestamp":"2026-02-22T02:00:17.108658Z","level":"info","event":"DAG bundles loaded: dags-folder, example_dags","logger":"airflow.dag_processing.bundles.manager.DagBundlesManager","filename":"manager.py","lineno":179}
{"timestamp":"2026-02-22T02:00:17.110787Z","level":"info","event":"Filling up the DagBag from /Users/aditireddy/Desktop/personal-finance-pipeline/personal-finance-pipeline/airflow/dags/personal_finance_etl_dag.py","logger":"airflow.models.dagbag.BundleDagBag","filename":"dagbag.py","lineno":593}
{"timestamp":"2026-02-22T02:00:17.408703Z","level":"warning","event":"The SLA feature is removed in Airflow 3.0, replaced with Deadline Alerts in >=3.1","category":"UserWarning","filename":"/opt/anaconda3/lib/python3.12/site-packages/airflow/providers/standard/operators/python.py","lineno":191,"logger":"py.warnings"}
{"timestamp":"2026-02-22T02:00:17.424662Z","level":"info","event":"Task instance is in running state","logger":"task.stdout"}
{"timestamp":"2026-02-22T02:00:17.424746Z","level":"info","event":" Previous state of the Task instance: TaskInstanceState.QUEUED","logger":"task.stdout"}
{"timestamp":"2026-02-22T02:00:17.425039Z","level":"info","event":"Current task name:print_summary","logger":"task.stdout"}
{"timestamp":"2026-02-22T02:00:17.425065Z","level":"info","event":"Dag name:personal_finance_etl","logger":"task.stdout"}
{"timestamp":"2026-02-22T02:00:17.425746Z","level":"info","event":"","logger":"task.stdout"}
{"timestamp":"2026-02-22T02:00:17.425768Z","level":"info","event":"============================================================","logger":"task.stdout"}
{"timestamp":"2026-02-22T02:00:17.425784Z","level":"info","event":"📊 PIPELINE EXECUTION SUMMARY","logger":"task.stdout"}
{"timestamp":"2026-02-22T02:00:17.425799Z","level":"info","event":"============================================================","logger":"task.stdout"}
{"timestamp":"2026-02-22T02:00:17.440274Z","level":"info","event":"🔄 Run Type: SCHEDULED","logger":"task.stdout"}
{"timestamp":"2026-02-22T02:00:17.440331Z","level":"info","event":"📥 Downloaded Rows: 1000","logger":"task.stdout"}
{"timestamp":"2026-02-22T02:00:17.440352Z","level":"info","event":"✅ Validation: PASSED","logger":"task.stdout"}
{"timestamp":"2026-02-22T02:00:17.440397Z","level":"info","event":"   - Issues: 0","logger":"task.stdout"}
{"timestamp":"2026-02-22T02:00:17.440415Z","level":"info","event":"   - Warnings: 2","logger":"task.stdout"}
{"timestamp":"2026-02-22T02:00:17.440437Z","level":"info","event":"🔄 Transformed: 1000 rows","logger":"task.stdout"}
{"timestamp":"2026-02-22T02:00:17.440453Z","level":"info","event":"📤 Loaded to PostgreSQL: 1000 rows","logger":"task.stdout"}
{"timestamp":"2026-02-22T02:00:17.440469Z","level":"info","event":"⚡ Load Duration: 0.11 seconds","logger":"task.stdout"}
{"timestamp":"2026-02-22T02:00:17.440484Z","level":"info","event":"⚡ Throughput: 9077 rows/second","logger":"task.stdout"}
{"timestamp":"2026-02-22T02:00:17.440499Z","level":"info","event":"⏱️  Pipeline Run ID: scheduled__2026-02-22T02:00:00+00:00","logger":"task.stdout"}
{"timestamp":"2026-02-22T02:00:17.440514Z","level":"info","event":"📅 Run Date: 2026-02-22 02:00:01.715690+00:00","logger":"task.stdout"}
{"timestamp":"2026-02-22T02:00:17.440528Z","level":"info","event":"⏰ Schedule: Daily at 2:00 AM","logger":"task.stdout"}
{"timestamp":"2026-02-22T02:00:17.440543Z","level":"info","event":"============================================================","logger":"task.stdout"}
{"timestamp":"2026-02-22T02:00:17.440557Z","level":"info","event":"✅ ETL PIPELINE COMPLETED SUCCESSFULLY! 🎉","logger":"task.stdout"}
{"timestamp":"2026-02-22T02:00:17.440571Z","level":"info","event":"============================================================","logger":"task.stdout"}
{"timestamp":"2026-02-22T02:00:17.440585Z","level":"info","event":"","logger":"task.stdout"}
{"timestamp":"2026-02-22T02:00:17.440455Z","level":"info","event":"Done. Returned value was: None","logger":"airflow.task.operators.airflow.providers.standard.operators.python.PythonOperator","filename":"python.py","lineno":230}
{"timestamp":"2026-02-22T02:00:17.449228Z","level":"info","event":"✅ Task print_summary completed successfully!","logger":"task.stdout"}
{"timestamp":"2026-02-22T02:00:17.449307Z","level":"error","event":"Failed to run task callback","kind":"on_success_callback","index":0,"callback":"<function task_success_callback at 0x147f0fba0>","logger":"task","filename":"task_runner.py","lineno":1334,"error_detail":[{"exc_type":"KeyError","exc_value":"'execution_date'","exc_notes":[],"syntax_error":null,"is_cause":false,"frames":[{"filename":"/opt/anaconda3/lib/python3.12/site-packages/airflow/sdk/execution_time/task_runner.py","lineno":1332,"name":"_run_task_state_change_callbacks"},{"filename":"/opt/anaconda3/lib/python3.12/site-packages/airflow/sdk/execution_time/callback_runner.py","lineno":82,"name":"run"},{"filename":"/Users/aditireddy/Desktop/personal-finance-pipeline/personal-finance-pipeline/airflow/dags/personal_finance_etl_dag.py","lineno":93,"name":"task_success_callback"}],"is_group":false,"exceptions":[]}]}
{"timestamp":"2026-02-22T02:00:17.449587Z","level":"info","event":"Task instance in success state","logger":"task.stdout"}
{"timestamp":"2026-02-22T02:00:17.449609Z","level":"info","event":" Previous state of the Task instance: TaskInstanceState.RUNNING","logger":"task.stdout"}
{"timestamp":"2026-02-22T02:00:17.449803Z","level":"info","event":"Task operator:<Task(PythonOperator): print_summary>","logger":"task.stdout"}
