{"timestamp":"2026-02-22T02:00:04.469566Z","level":"info","event":"NumExpr defaulting to 8 threads.","logger":"numexpr.utils","filename":"utils.py","lineno":160}
{"timestamp":"2026-02-22T02:00:05.233978Z","level":"info","event":"DAG bundles loaded: dags-folder, example_dags","logger":"airflow.dag_processing.bundles.manager.DagBundlesManager","filename":"manager.py","lineno":179}
{"timestamp":"2026-02-22T02:00:05.235784Z","level":"info","event":"Filling up the DagBag from /Users/aditireddy/Desktop/personal-finance-pipeline/personal-finance-pipeline/airflow/dags/pipeline_health_check.py","logger":"airflow.models.dagbag.BundleDagBag","filename":"dagbag.py","lineno":593}
{"timestamp":"2026-02-22T02:00:05.475700Z","level":"info","event":"Task instance is in running state","logger":"task.stdout"}
{"timestamp":"2026-02-22T02:00:05.476037Z","level":"info","event":" Previous state of the Task instance: TaskInstanceState.QUEUED","logger":"task.stdout"}
{"timestamp":"2026-02-22T02:00:05.479368Z","level":"info","event":"Current task name:check_latest_data","logger":"task.stdout"}
{"timestamp":"2026-02-22T02:00:05.479533Z","level":"info","event":"Dag name:pipeline_health_check","logger":"task.stdout"}
{"timestamp":"2026-02-22T02:00:05.666741Z","level":"info","event":"============================================================","logger":"task.stdout"}
{"timestamp":"2026-02-22T02:00:05.672589Z","level":"info","event":"📊 DATA HEALTH CHECK","logger":"task.stdout"}
{"timestamp":"2026-02-22T02:00:05.672716Z","level":"info","event":"============================================================","logger":"task.stdout"}
{"timestamp":"2026-02-22T02:00:05.672777Z","level":"info","event":"Total Rows: 1,000","logger":"task.stdout"}
{"timestamp":"2026-02-22T02:00:05.672820Z","level":"info","event":"Last Load: 2026-02-21 20:56:56.398563","logger":"task.stdout"}
{"timestamp":"2026-02-22T02:00:05.672917Z","level":"info","event":"Hours Since Last Load: 0.1","logger":"task.stdout"}
{"timestamp":"2026-02-22T02:00:05.673152Z","level":"info","event":"✅ Data is fresh","logger":"task.stdout"}
{"timestamp":"2026-02-22T02:00:05.673173Z","level":"info","event":"============================================================","logger":"task.stdout"}
{"timestamp":"2026-02-22T02:00:05.676054Z","level":"info","event":"Done. Returned value was: True","logger":"airflow.task.operators.airflow.providers.standard.operators.python.PythonOperator","filename":"python.py","lineno":230}
{"timestamp":"2026-02-22T02:00:05.679593Z","level":"info","event":"Pushing xcom","ti":"RuntimeTaskInstance(id=UUID('019c8313-3ba0-7b20-800a-81c4d1f80ba6'), task_id='check_latest_data', dag_id='pipeline_health_check', run_id='scheduled__2026-02-22T02:00:00+00:00', try_number=1, dag_version_id=UUID('019c82f3-f2c4-73a0-976f-a72bdc6a5241'), map_index=-1, hostname='138-229-50-88-static.cmsinter.net', context_carrier={}, task=<Task(PythonOperator): check_latest_data>, bundle_instance=LocalDagBundle(name=dags-folder), max_tries=1, start_date=datetime.datetime(2026, 2, 22, 2, 0, 2, 810852, tzinfo=datetime.timezone.utc), end_date=None, state=<TaskInstanceState.RUNNING: 'running'>, is_mapped=False, rendered_map_index=None)","logger":"task","filename":"task_runner.py","lineno":1522}
{"timestamp":"2026-02-22T02:00:05.840877Z","level":"info","event":"Task instance in success state","logger":"task.stdout"}
{"timestamp":"2026-02-22T02:00:05.841688Z","level":"info","event":" Previous state of the Task instance: TaskInstanceState.RUNNING","logger":"task.stdout"}
{"timestamp":"2026-02-22T02:00:05.848340Z","level":"info","event":"Task operator:<Task(PythonOperator): check_latest_data>","logger":"task.stdout"}
