{"timestamp":"2026-02-22T01:12:44.519844Z","level":"info","event":"NumExpr defaulting to 8 threads.","logger":"numexpr.utils","filename":"utils.py","lineno":160}
{"timestamp":"2026-02-22T01:12:44.925869Z","level":"info","event":"DAG bundles loaded: dags-folder, example_dags","logger":"airflow.dag_processing.bundles.manager.DagBundlesManager","filename":"manager.py","lineno":179}
{"timestamp":"2026-02-22T01:12:44.926595Z","level":"info","event":"Filling up the DagBag from /Users/aditireddy/Desktop/personal-finance-pipeline/personal-finance-pipeline/airflow/dags/personal_finance_etl_dag.py","logger":"airflow.models.dagbag.BundleDagBag","filename":"dagbag.py","lineno":593}
{"timestamp":"2026-02-22T01:12:45.168386Z","level":"info","event":"Task instance is in running state","logger":"task.stdout"}
{"timestamp":"2026-02-22T01:12:45.168476Z","level":"info","event":" Previous state of the Task instance: TaskInstanceState.QUEUED","logger":"task.stdout"}
{"timestamp":"2026-02-22T01:12:45.168829Z","level":"info","event":"Current task name:print_summary","logger":"task.stdout"}
{"timestamp":"2026-02-22T01:12:45.168898Z","level":"info","event":"Dag name:personal_finance_etl","logger":"task.stdout"}
{"timestamp":"2026-02-22T01:12:45.169651Z","level":"info","event":"","logger":"task.stdout"}
{"timestamp":"2026-02-22T01:12:45.169675Z","level":"info","event":"============================================================","logger":"task.stdout"}
{"timestamp":"2026-02-22T01:12:45.169695Z","level":"info","event":"📊 PIPELINE EXECUTION SUMMARY","logger":"task.stdout"}
{"timestamp":"2026-02-22T01:12:45.169713Z","level":"info","event":"============================================================","logger":"task.stdout"}
{"timestamp":"2026-02-22T01:12:45.180445Z","level":"info","event":"🔄 Run Type: SCHEDULED","logger":"task.stdout"}
{"timestamp":"2026-02-22T01:12:45.180501Z","level":"info","event":"📥 Downloaded Rows: 1000","logger":"task.stdout"}
{"timestamp":"2026-02-22T01:12:45.180553Z","level":"info","event":"✅ Validation: PASSED","logger":"task.stdout"}
{"timestamp":"2026-02-22T01:12:45.180572Z","level":"info","event":"   - Null values: 0","logger":"task.stdout"}
{"timestamp":"2026-02-22T01:12:45.180594Z","level":"info","event":"   - Duplicates: 0","logger":"task.stdout"}
{"timestamp":"2026-02-22T01:12:45.180610Z","level":"info","event":"🔄 Transformed: 1000 rows","logger":"task.stdout"}
{"timestamp":"2026-02-22T01:12:45.180625Z","level":"info","event":"📤 Loaded to PostgreSQL: 1000 rows","logger":"task.stdout"}
{"timestamp":"2026-02-22T01:12:45.180650Z","level":"info","event":"⏱️  Pipeline Run ID: scheduled__2026-02-21T02:00:00+00:00","logger":"task.stdout"}
{"timestamp":"2026-02-22T01:12:45.180666Z","level":"info","event":"📅 Run Date: 2026-02-22 01:12:32.777160+00:00","logger":"task.stdout"}
{"timestamp":"2026-02-22T01:12:45.180681Z","level":"info","event":"⏰ Schedule: Daily at 2:00 AM","logger":"task.stdout"}
{"timestamp":"2026-02-22T01:12:45.180695Z","level":"info","event":"============================================================","logger":"task.stdout"}
{"timestamp":"2026-02-22T01:12:45.180710Z","level":"info","event":"✅ ETL PIPELINE COMPLETED SUCCESSFULLY! 🎉","logger":"task.stdout"}
{"timestamp":"2026-02-22T01:12:45.180725Z","level":"info","event":"============================================================","logger":"task.stdout"}
{"timestamp":"2026-02-22T01:12:45.180739Z","level":"info","event":"","logger":"task.stdout"}
{"timestamp":"2026-02-22T01:12:45.180652Z","level":"info","event":"Done. Returned value was: None","logger":"airflow.task.operators.airflow.providers.standard.operators.python.PythonOperator","filename":"python.py","lineno":230}
{"timestamp":"2026-02-22T01:12:45.185799Z","level":"info","event":"Task instance in success state","logger":"task.stdout"}
{"timestamp":"2026-02-22T01:12:45.185862Z","level":"info","event":" Previous state of the Task instance: TaskInstanceState.RUNNING","logger":"task.stdout"}
{"timestamp":"2026-02-22T01:12:45.186155Z","level":"info","event":"Task operator:<Task(PythonOperator): print_summary>","logger":"task.stdout"}
